Component: ARM Compiler 5.06 update 3 (build 300) Tool: armlink [4d35c9]

==============================================================================

Section Cross References

    stmpe1600.o(i.stmpe1600_DisableGlobalIT) refers to stm324x9i_eval.o(i.IOE_ReadMultiple) for IOE_ReadMultiple
    stmpe1600.o(i.stmpe1600_DisableGlobalIT) refers to stm324x9i_eval.o(i.IOE_WriteMultiple) for IOE_WriteMultiple
    stmpe1600.o(i.stmpe1600_DisableGlobalIT) refers to stmpe1600.o(.data) for .data
    stmpe1600.o(i.stmpe1600_EnableGlobalIT) refers to stm324x9i_eval.o(i.IOE_ITConfig) for IOE_ITConfig
    stmpe1600.o(i.stmpe1600_EnableGlobalIT) refers to stm324x9i_eval.o(i.IOE_ReadMultiple) for IOE_ReadMultiple
    stmpe1600.o(i.stmpe1600_EnableGlobalIT) refers to stm324x9i_eval.o(i.IOE_WriteMultiple) for IOE_WriteMultiple
    stmpe1600.o(i.stmpe1600_EnableGlobalIT) refers to stmpe1600.o(.data) for .data
    stmpe1600.o(i.stmpe1600_GetInstance) refers to stmpe1600.o(.data) for .data
    stmpe1600.o(i.stmpe1600_IO_ClearIT) refers to stm324x9i_eval.o(i.IOE_ReadMultiple) for IOE_ReadMultiple
    stmpe1600.o(i.stmpe1600_IO_Config) refers to stmpe1600.o(i.stmpe1600_IO_DisablePinIT) for stmpe1600_IO_DisablePinIT
    stmpe1600.o(i.stmpe1600_IO_Config) refers to stmpe1600.o(i.stmpe1600_IO_InitPin) for stmpe1600_IO_InitPin
    stmpe1600.o(i.stmpe1600_IO_Config) refers to stmpe1600.o(i.stmpe1600_SetITPolarity) for stmpe1600_SetITPolarity
    stmpe1600.o(i.stmpe1600_IO_Config) refers to stmpe1600.o(i.stmpe1600_IO_EnablePinIT) for stmpe1600_IO_EnablePinIT
    stmpe1600.o(i.stmpe1600_IO_Config) refers to stmpe1600.o(i.stmpe1600_IO_ClearIT) for stmpe1600_IO_ClearIT
    stmpe1600.o(i.stmpe1600_IO_Config) refers to stm324x9i_eval.o(i.IOE_ReadMultiple) for IOE_ReadMultiple
    stmpe1600.o(i.stmpe1600_IO_DisablePinIT) refers to stm324x9i_eval.o(i.IOE_ReadMultiple) for IOE_ReadMultiple
    stmpe1600.o(i.stmpe1600_IO_DisablePinIT) refers to stm324x9i_eval.o(i.IOE_WriteMultiple) for IOE_WriteMultiple
    stmpe1600.o(i.stmpe1600_IO_DisablePinIT) refers to stmpe1600.o(.data) for .data
    stmpe1600.o(i.stmpe1600_IO_EnablePinIT) refers to stmpe1600.o(i.stmpe1600_EnableGlobalIT) for stmpe1600_EnableGlobalIT
    stmpe1600.o(i.stmpe1600_IO_EnablePinIT) refers to stm324x9i_eval.o(i.IOE_ReadMultiple) for IOE_ReadMultiple
    stmpe1600.o(i.stmpe1600_IO_EnablePinIT) refers to stm324x9i_eval.o(i.IOE_WriteMultiple) for IOE_WriteMultiple
    stmpe1600.o(i.stmpe1600_IO_EnablePinIT) refers to stmpe1600.o(.data) for .data
    stmpe1600.o(i.stmpe1600_IO_ITStatus) refers to stm324x9i_eval.o(i.IOE_ReadMultiple) for IOE_ReadMultiple
    stmpe1600.o(i.stmpe1600_IO_ITStatus) refers to stmpe1600.o(.data) for .data
    stmpe1600.o(i.stmpe1600_IO_InitPin) refers to stm324x9i_eval.o(i.IOE_ReadMultiple) for IOE_ReadMultiple
    stmpe1600.o(i.stmpe1600_IO_InitPin) refers to stm324x9i_eval.o(i.IOE_WriteMultiple) for IOE_WriteMultiple
    stmpe1600.o(i.stmpe1600_IO_InitPin) refers to stmpe1600.o(.data) for .data
    stmpe1600.o(i.stmpe1600_IO_PolarityInv_Disable) refers to stm324x9i_eval.o(i.IOE_ReadMultiple) for IOE_ReadMultiple
    stmpe1600.o(i.stmpe1600_IO_PolarityInv_Disable) refers to stm324x9i_eval.o(i.IOE_WriteMultiple) for IOE_WriteMultiple
    stmpe1600.o(i.stmpe1600_IO_PolarityInv_Disable) refers to stmpe1600.o(.data) for .data
    stmpe1600.o(i.stmpe1600_IO_PolarityInv_Enable) refers to stm324x9i_eval.o(i.IOE_ReadMultiple) for IOE_ReadMultiple
    stmpe1600.o(i.stmpe1600_IO_PolarityInv_Enable) refers to stm324x9i_eval.o(i.IOE_WriteMultiple) for IOE_WriteMultiple
    stmpe1600.o(i.stmpe1600_IO_PolarityInv_Enable) refers to stmpe1600.o(.data) for .data
    stmpe1600.o(i.stmpe1600_IO_ReadIT) refers to stm324x9i_eval.o(i.IOE_ReadMultiple) for IOE_ReadMultiple
    stmpe1600.o(i.stmpe1600_IO_ReadIT) refers to stmpe1600.o(.data) for .data
    stmpe1600.o(i.stmpe1600_IO_ReadPin) refers to stm324x9i_eval.o(i.IOE_ReadMultiple) for IOE_ReadMultiple
    stmpe1600.o(i.stmpe1600_IO_ReadPin) refers to stmpe1600.o(.data) for .data
    stmpe1600.o(i.stmpe1600_IO_WritePin) refers to stm324x9i_eval.o(i.IOE_ReadMultiple) for IOE_ReadMultiple
    stmpe1600.o(i.stmpe1600_IO_WritePin) refers to stm324x9i_eval.o(i.IOE_WriteMultiple) for IOE_WriteMultiple
    stmpe1600.o(i.stmpe1600_IO_WritePin) refers to stmpe1600.o(.data) for .data
    stmpe1600.o(i.stmpe1600_Init) refers to stmpe1600.o(i.stmpe1600_GetInstance) for stmpe1600_GetInstance
    stmpe1600.o(i.stmpe1600_Init) refers to stm324x9i_eval.o(i.IOE_Init) for IOE_Init
    stmpe1600.o(i.stmpe1600_Init) refers to stmpe1600.o(i.stmpe1600_Reset) for stmpe1600_Reset
    stmpe1600.o(i.stmpe1600_Init) refers to stmpe1600.o(.data) for .data
    stmpe1600.o(i.stmpe1600_ReadID) refers to stm324x9i_eval.o(i.IOE_Init) for IOE_Init
    stmpe1600.o(i.stmpe1600_ReadID) refers to stm324x9i_eval.o(i.IOE_ReadMultiple) for IOE_ReadMultiple
    stmpe1600.o(i.stmpe1600_Reset) refers to stm324x9i_eval.o(i.IOE_Write) for IOE_Write
[...]
    stm32f4xx_hal_i2c.o(i.HAL_I2C_EV_IRQHandler) refers to stm32f4xx_hal_i2c.o(i.I2C_MasterTransmit_TXE) for I2C_MasterTransmit_TXE
    stm32f4xx_hal_i2c.o(i.HAL_I2C_EV_IRQHandler) refers to stm32f4xx_hal_i2c.o(i.I2C_MasterTransmit_BTF) for I2C_MasterTransmit_BTF
    stm32f4xx_hal_i2c.o(i.HAL_I2C_EV_IRQHandler) refers to stm32f4xx_hal_i2c.o(i.I2C_MasterReceive_RXNE) for I2C_MasterReceive_RXNE
    stm32f4xx_hal_i2c.o(i.HAL_I2C_EV_IRQHandler) refers to stm32f4xx_hal_i2c.o(i.I2C_MasterReceive_BTF) for I2C_MasterReceive_BTF
    stm32f4xx_hal_i2c.o(i.HAL_I2C_EV_IRQHandler) refers to stm32f4xx_hal_i2c.o(i.HAL_I2C_AddrCallback) for HAL_I2C_AddrCallback
    stm32f4xx_hal_i2c.o(i.HAL_I2C_EV_IRQHandler) refers to stm32f4xx_hal_i2c.o(i.I2C_Slave_STOPF) for I2C_Slave_STOPF
    stm32f4xx_hal_i2c.o(i.HAL_I2C_EV_IRQHandler) refers to stm32f4xx_hal_i2c.o(i.HAL_I2C_SlaveTxCpltCallback) for HAL_I2C_SlaveTxCpltCallback
    stm32f4xx_hal_i2c.o(i.HAL_I2C_EV_IRQHandler) refers to stm32f4xx_hal_i2c.o(i.HAL_I2C_SlaveRxCpltCallback) for HAL_I2C_SlaveRxCpltCallback
    stm32f4xx_hal_i2c.o(i.HAL_I2C_Init) refers to stm32f4xx_hal_i2c.o(i.HAL_I2C_MspInit) for HAL_I2C_MspInit
    stm32f4xx_hal_i2c.o(i.HAL_I2C_Init) refers to stm32f4xx_hal_rcc.o(i.HAL_RCC_GetPCLK1Freq) for HAL_RCC_GetPCLK1Freq
    stm32f4xx_hal_i2c.o(i.HAL_I2C_IsDeviceReady) refers to stm32f4xx_hal.o(i.HAL_GetTick) for HAL_GetTick
    stm32f4xx_hal_i2c.o(i.HAL_I2C_IsDeviceReady) refers to stm32f4xx_hal_i2c.o(i.I2C_WaitOnFlagUntilTimeout) for I2C_WaitOnFlagUntilTimeout
    stm32f4xx_hal_i2c.o(i.HAL_I2C_Master_Abort_IT) refers to stm32f4xx_hal_i2c.o(i.HAL_I2C_AbortCpltCallback) for HAL_I2C_AbortCpltCallback
    stm32f4xx_hal_i2c.o(i.HAL_I2C_Master_Receive) refers to stm32f4xx_hal.o(i.HAL_GetTick) for HAL_GetTick
    stm32f4xx_hal_i2c.o(i.HAL_I2C_Master_Receive) refers to stm32f4xx_hal_i2c.o(i.I2C_WaitOnFlagUntilTimeout) for I2C_WaitOnFlagUntilTimeout
    stm32f4xx_hal_i2c.o(i.HAL_I2C_Master_Receive) refers to stm32f4xx_hal_i2c.o(i.I2C_MasterRequestRead) for I2C_MasterRequestRead
    stm32f4xx_hal_i2c.o(i.HAL_I2C_Master_Receive) refers to stm32f4xx_hal_i2c.o(i.I2C_WaitOnRXNEFlagUntilTimeout) for I2C_WaitOnRXNEFlagUntilTimeout
    stm32f4xx_hal_i2c.o(i.HAL_I2C_Master_Receive_DMA) refers to stm32f4xx_hal.o(i.HAL_GetTick) for HAL_GetTick
    stm32f4xx_hal_i2c.o(i.HAL_I2C_Master_Receive_DMA) refers to stm32f4xx_hal_dma.o(i.HAL_DMA_Start_IT) for HAL_DMA_Start_IT
    stm32f4xx_hal_i2c.o(i.HAL_I2C_Master_Receive_DMA) refers to stm32f4xx_hal_i2c.o(i.I2C_MasterRequestRead) for I2C_MasterRequestRead
    stm32f4xx_hal_i2c.o(i.HAL_I2C_Master_Receive_DMA) refers to system_stm32f4xx.o(.data) for SystemCoreClock
    stm32f4xx_hal_i2c.o(i.HAL_I2C_Master_Receive_DMA) refers to stm32f4xx_hal_i2c.o(i.I2C_DMAXferCplt) for I2C_DMAXferCplt
    stm32f4xx_hal_i2c.o(i.HAL_I2C_Master_Receive_DMA) refers to stm32f4xx_hal_i2c.o(i.I2C_DMAError) for I2C_DMAError
    stm32f4xx_hal_i2c.o(i.HAL_I2C_Master_Receive_IT) refers to system_stm32f4xx.o(.data) for SystemCoreClock
    stm32f4xx_hal_i2c.o(i.HAL_I2C_Master_Sequential_Receive_IT) refers to system_stm32f4xx.o(.data) for SystemCoreClock
    stm32f4xx_hal_i2c.o(i.HAL_I2C_Master_Sequential_Transmit_IT) refers to system_stm32f4xx.o(.data) for SystemCoreClock
    stm32f4xx_hal_i2c.o(i.HAL_I2C_Master_Transmit) refers to stm32f4xx_hal.o(i.HAL_GetTick) for HAL_GetTick
    stm32f4xx_hal_i2c.o(i.HAL_I2C_Master_Transmit) refers to stm32f4xx_hal_i2c.o(i.I2C_WaitOnFlagUntilTimeout) for I2C_WaitOnFlagUntilTimeout
    stm32f4xx_hal_i2c.o(i.HAL_I2C_Master_Transmit) refers to stm32f4xx_hal_i2c.o(i.I2C_MasterRequestWrite) for I2C_MasterRequestWrite
    stm32f4xx_hal_i2c.o(i.HAL_I2C_Master_Transmit) refers to stm32f4xx_hal_i2c.o(i.I2C_WaitOnTXEFlagUntilTimeout) for I2C_WaitOnTXEFlagUntilTimeout
    stm32f4xx_hal_i2c.o(i.HAL_I2C_Master_Transmit) refers to stm32f4xx_hal_i2c.o(i.I2C_WaitOnBTFFlagUntilTimeout) for I2C_WaitOnBTFFlagUntilTimeout
    stm32f4xx_hal_i2c.o(i.HAL_I2C_Master_Transmit_DMA) refers to stm32f4xx_hal.o(i.HAL_GetTick) for HAL_GetTick
    stm32f4xx_hal_i2c.o(i.HAL_I2C_Master_Transmit_DMA) refers to stm32f4xx_hal_dma.o(i.HAL_DMA_Start_IT) for HAL_DMA_Start_IT
    stm32f4xx_hal_i2c.o(i.HAL_I2C_Master_Transmit_DMA) refers to stm32f4xx_hal_i2c.o(i.I2C_MasterRequestWrite) for I2C_MasterRequestWrite
    stm32f4xx_hal_i2c.o(i.HAL_I2C_Master_Transmit_DMA) refers to system_stm32f4xx.o(.data) for SystemCoreClock
    stm32f4xx_hal_i2c.o(i.HAL_I2C_Master_Transmit_DMA) refers to stm32f4xx_hal_i2c.o(i.I2C_DMAXferCplt) for I2C_DMAXferCplt
    stm32f4xx_hal_i2c.o(i.HAL_I2C_Master_Transmit_DMA) refers to stm32f4xx_hal_i2c.o(i.I2C_DMAError) for I2C_DMAError
    stm32f4xx_hal_i2c.o(i.HAL_I2C_Master_Transmit_IT) refers to system_stm32f4xx.o(.data) for SystemCoreClock
    stm32f4xx_hal_i2c.o(i.HAL_I2C_Mem_Read) refers to stm32f4xx_hal.o(i.HAL_GetTick) for HAL_GetTick
    stm32f4xx_hal_i2c.o(i.HAL_I2C_Mem_Read) refers to stm32f4xx_hal_i2c.o(i.I2C_WaitOnFlagUntilTimeout) for I2C_WaitOnFlagUntilTimeout
    stm32f4xx_hal_i2c.o(i.HAL_I2C_Mem_Read) refers to stm32f4xx_hal_i2c.o(i.I2C_RequestMemoryRead) for I2C_RequestMemoryRead
    stm32f4xx_hal_i2c.o(i.HAL_I2C_Mem_Read) refers to stm32f4xx_hal_i2c.o(i.I2C_WaitOnRXNEFlagUntilTimeout) for I2C_WaitOnRXNEFlagUntilTimeout
    stm32f4xx_hal_i2c.o(i.HAL_I2C_Mem_Read_DMA) refers to stm32f4xx_hal.o(i.HAL_GetTick) for HAL_GetTick
    stm32f4xx_hal_i2c.o(i.HAL_I2C_Mem_Read_DMA) refers to stm32f4xx_hal_dma.o(i.HAL_DMA_Start_IT) for HAL_DMA_Start_IT
    stm32f4xx_hal_i2c.o(i.HAL_I2C_Mem_Read_DMA) refers to stm32f4xx_hal_i2c.o(i.I2C_RequestMemoryRead) for I2C_RequestMemoryRead
    stm32f4xx_hal_i2c.o(i.HAL_I2C_Mem_Read_DMA) refers to system_stm32f4xx.o(.data) for SystemCoreClock
    stm32f4xx_hal_i2c.o(i.HAL_I2C_Mem_Read_DMA) refers to stm32f4xx_hal_i2c.o(i.I2C_DMAXferCplt) for I2C_DMAXferCplt
    stm32f4xx_hal_i2c.o(i.HAL_I2C_Mem_Read_DMA) refers to stm32f4xx_hal_i2c.o(i.I2C_DMAError) for I2C_DMAError
    stm32f4xx_hal_i2c.o(i.HAL_I2C_Mem_Read_IT) refers to system_stm32f4xx.o(.data) for SystemCoreClock
    stm32f4xx_hal_i2c.o(i.HAL_I2C_Mem_Write) refers to stm32f4xx_hal.o(i.HAL_GetTick) for HAL_GetTick
    stm32f4xx_hal_i2c.o(i.HAL_I2C_Mem_Write) refers to stm32f4xx_hal_i2c.o(i.I2C_WaitOnFlagUntilTimeout) for I2C_WaitOnFlagUntilTimeout
    stm32f4xx_hal_i2c.o(i.HAL_I2C_Mem_Write) refers to stm32f4xx_hal_i2c.o(i.I2C_RequestMemoryWrite) for I2C_RequestMemoryWrite
    stm32f4xx_hal_i2c.o(i.HAL_I2C_Mem_Write) refers to stm32f4xx_hal_i2c.o(i.I2C_WaitOnTXEFlagUntilTimeout) for I2C_WaitOnTXEFlagUntilTimeout
    stm32f4xx_hal_i2c.o(i.HAL_I2C_Mem_Write) refers to stm32f4xx_hal_i2c.o(i.I2C_WaitOnBTFFlagUntilTimeout) for I2C_WaitOnBTFFlagUntilTimeout
    stm32f4xx_hal_i2c.o(i.HAL_I2C_Mem_Write_DMA) refers to stm32f4xx_hal.o(i.HAL_GetTick) for HAL_GetTick
    stm32f4xx_hal_i2c.o(i.HAL_I2C_Mem_Write_DMA) refers to stm32f4xx_hal_dma.o(i.HAL_DMA_Start_IT) for HAL_DMA_Start_IT
    stm32f4xx_hal_i2c.o(i.HAL_I2C_Mem_Write_DMA) refers to stm32f4xx_hal_i2c.o(i.I2C_RequestMemoryWrite) for I2C_RequestMemoryWrite
    stm32f4xx_hal_i2c.o(i.HAL_I2C_Mem_Write_DMA) refers to stm32f4xx_hal_i2c.o(i.I2C_RequestMemoryRead) for I2C_RequestMemoryRead
    stm32f4xx_hal_i2c.o(i.HAL_I2C_Mem_Write_DMA) refers to system_stm32f4xx.o(.data) for SystemCoreClock
    stm32f4xx_hal_i2c.o(i.HAL_I2C_Mem_Write_DMA) refers to stm32f4xx_hal_i2c.o(i.I2C_DMAXferCplt) for I2C_DMAXferCplt
    stm32f4xx_hal_i2c.o(i.HAL_I2C_Mem_Write_DMA) refers to stm32f4xx_hal_i2c.o(i.I2C_DMAError) for I2C_DMAError
    stm32f4xx_hal_i2c.o(i.HAL_I2C_Mem_Write_IT) refers to system_stm32f4xx.o(.data) for SystemCoreClock
    stm32f4xx_hal_i2c.o(i.HAL_I2C_Slave_Receive) refers to stm32f4xx_hal.o(i.HAL_GetTick) for HAL_GetTick
    stm32f4xx_hal_i2c.o(i.HAL_I2C_Slave_Receive) refers to stm32f4xx_hal_i2c.o(i.I2C_WaitOnFlagUntilTimeout) for I2C_WaitOnFlagUntilTimeout
    stm32f4xx_hal_i2c.o(i.HAL_I2C_Slave_Receive) refers to stm32f4xx_hal_i2c.o(i.I2C_WaitOnRXNEFlagUntilTimeout) for I2C_WaitOnRXNEFlagUntilTimeout
    stm32f4xx_hal_i2c.o(i.HAL_I2C_Slave_Receive) refers to stm32f4xx_hal_i2c.o(i.I2C_IsAcknowledgeFailed) for I2C_IsAcknowledgeFailed
    stm32f4xx_hal_i2c.o(i.HAL_I2C_Slave_Receive_DMA) refers to stm32f4xx_hal_dma.o(i.HAL_DMA_Start_IT) for HAL_DMA_Start_IT
    stm32f4xx_hal_i2c.o(i.HAL_I2C_Slave_Receive_DMA) refers to system_stm32f4xx.o(.data) for SystemCoreClock
    stm32f4xx_hal_i2c.o(i.HAL_I2C_Slave_Receive_DMA) refers to stm32f4xx_hal_i2c.o(i.I2C_DMAXferCplt) for I2C_DMAXferCplt
    stm32f4xx_hal_i2c.o(i.HAL_I2C_Slave_Receive_DMA) refers to stm32f4xx_hal_i2c.o(i.I2C_DMAError) for I2C_DMAError
    stm32f4xx_hal_i2c.o(i.HAL_I2C_Slave_Receive_IT) refers to system_stm32f4xx.o(.data) for SystemCoreClock
    stm32f4xx_hal_i2c.o(i.HAL_I2C_Slave_Transmit) refers to stm32f4xx_hal.o(i.HAL_GetTick) for HAL_GetTick
    stm32f4xx_hal_i2c.o(i.HAL_I2C_Slave_Transmit) refers to stm32f4xx_hal_i2c.o(i.I2C_WaitOnFlagUntilTimeout) for I2C_WaitOnFlagUntilTimeout
    stm32f4xx_hal_i2c.o(i.HAL_I2C_Slave_Transmit) refers to stm32f4xx_hal_i2c.o(i.I2C_WaitOnTXEFlagUntilTimeout) for I2C_WaitOnTXEFlagUntilTimeout
    stm32f4xx_hal_i2c.o(i.HAL_I2C_Slave_Transmit_DMA) refers to stm32f4xx_hal_dma.o(i.HAL_DMA_Start_IT) for HAL_DMA_Start_IT
    stm32f4xx_hal_i2c.o(i.HAL_I2C_Slave_Transmit_DMA) refers to system_stm32f4xx.o(.data) for SystemCoreClock
    stm32f4xx_hal_i2c.o(i.HAL_I2C_Slave_Transmit_DMA) refers to stm32f4xx_hal_i2c.o(i.I2C_DMAXferCplt) for I2C_DMAXferCplt
    stm32f4xx_hal_i2c.o(i.HAL_I2C_Slave_Transmit_DMA) refers to stm32f4xx_hal_i2c.o(i.I2C_DMAError) for I2C_DMAError
    stm32f4xx_hal_i2c.o(i.HAL_I2C_Slave_Transmit_IT) refers to system_stm32f4xx.o(.data) for SystemCoreClock
    stm32f4xx_hal_i2c.o(i.I2C_DMAAbort) refers to stm32f4xx_hal_i2c.o(i.HAL_I2C_ErrorCallback) for HAL_I2C_ErrorCallback
    stm32f4xx_hal_i2c.o(i.I2C_DMAAbort) refers to stm32f4xx_hal_i2c.o(i.HAL_I2C_AbortCpltCallback) for HAL_I2C_AbortCpltCallback
    stm32f4xx_hal_i2c.o(i.I2C_DMAError) refers to stm32f4xx_hal_i2c.o(i.HAL_I2C_ErrorCallback) for HAL_I2C_ErrorCallback
    stm32f4xx_hal_i2c.o(i.I2C_DMAXferCplt) refers to stm32f4xx_hal_i2c.o(i.HAL_I2C_ErrorCallback) for HAL_I2C_ErrorCallback
    stm32f4xx_hal_i2c.o(i.I2C_DMAXferCplt) refers to stm32f4xx_hal_i2c.o(i.HAL_I2C_MasterRxCpltCallback) for HAL_I2C_MasterRxCpltCallback
    stm32f4xx_hal_i2c.o(i.I2C_DMAXferCplt) refers to stm32f4xx_hal_i2c.o(i.HAL_I2C_MemRxCpltCallback) for HAL_I2C_MemRxCpltCallback
    stm32f4xx_hal_i2c.o(i.I2C_ITError) refers to stm32f4xx_hal_dma.o(i.HAL_DMA_Abort_IT) for HAL_DMA_Abort_IT
    stm32f4xx_hal_i2c.o(i.I2C_ITError) refers to stm32f4xx_hal_i2c.o(i.HAL_I2C_ErrorCallback) for HAL_I2C_ErrorCallback
    stm32f4xx_hal_i2c.o(i.I2C_ITError) refers to stm32f4xx_hal_i2c.o(i.HAL_I2C_ListenCpltCallback) for HAL_I2C_ListenCpltCallback
    stm32f4xx_hal_i2c.o(i.I2C_ITError) refers to stm32f4xx_hal_i2c.o(i.HAL_I2C_AbortCpltCallback) for HAL_I2C_AbortCpltCallback
    stm32f4xx_hal_i2c.o(i.I2C_ITError) refers to stm32f4xx_hal_i2c.o(i.I2C_DMAAbort) for I2C_DMAAbort
    stm32f4xx_hal_i2c.o(i.I2C_MasterReceive_BTF) refers to stm32f4xx_hal_i2c.o(i.HAL_I2C_MasterRxCpltCallback) for HAL_I2C_MasterRxCpltCallback
    stm32f4xx_hal_i2c.o(i.I2C_MasterReceive_BTF) refers to stm32f4xx_hal_i2c.o(i.HAL_I2C_MemRxCpltCallback) for HAL_I2C_MemRxCpltCallback
    stm32f4xx_hal_i2c.o(i.I2C_MasterReceive_RXNE) refers to stm32f4xx_hal_i2c.o(i.HAL_I2C_MasterRxCpltCallback) for HAL_I2C_MasterRxCpltCallback
    stm32f4xx_hal_i2c.o(i.I2C_MasterReceive_RXNE) refers to stm32f4xx_hal_i2c.o(i.HAL_I2C_MemRxCpltCallback) for HAL_I2C_MemRxCpltCallback
    stm32f4xx_hal_i2c.o(i.I2C_MasterRequestRead) refers to stm32f4xx_hal_i2c.o(i.I2C_WaitOnFlagUntilTimeout) for I2C_WaitOnFlagUntilTimeout
    stm32f4xx_hal_i2c.o(i.I2C_MasterRequestRead) refers to stm32f4xx_hal_i2c.o(i.I2C_WaitOnMasterAddressFlagUntilTimeout) for I2C_WaitOnMasterAddressFlagUntilTimeout
    stm32f4xx_hal_i2c.o(i.I2C_MasterRequestWrite) refers to stm32f4xx_hal_i2c.o(i.I2C_WaitOnFlagUntilTimeout) for I2C_WaitOnFlagUntilTimeout
    stm32f4xx_hal_i2c.o(i.I2C_MasterRequestWrite) refers to stm32f4xx_hal_i2c.o(i.I2C_WaitOnMasterAddressFlagUntilTimeout) for I2C_WaitOnMasterAddressFlagUntilTimeout
    stm32f4xx_hal_i2c.o(i.I2C_MasterTransmit_BTF) refers to stm32f4xx_hal_i2c.o(i.HAL_I2C_MasterTxCpltCallback) for HAL_I2C_MasterTxCpltCallback
    stm32f4xx_hal_i2c.o(i.I2C_MasterTransmit_BTF) refers to stm32f4xx_hal_i2c.o(i.HAL_I2C_MemTxCpltCallback) for HAL_I2C_MemTxCpltCallback
    stm32f4xx_hal_i2c.o(i.I2C_MasterTransmit_TXE) refers to stm32f4xx_hal_i2c.o(i.HAL_I2C_MasterTxCpltCallback) for HAL_I2C_MasterTxCpltCallback
    stm32f4xx_hal_i2c.o(i.I2C_MasterTransmit_TXE) refers to stm32f4xx_hal_i2c.o(i.HAL_I2C_MemTxCpltCallback) for HAL_I2C_MemTxCpltCallback
    stm32f4xx_hal_i2c.o(i.I2C_RequestMemoryRead) refers to stm32f4xx_hal_i2c.o(i.I2C_WaitOnFlagUntilTimeout) for I2C_WaitOnFlagUntilTimeout
    stm32f4xx_hal_i2c.o(i.I2C_RequestMemoryRead) refers to stm32f4xx_hal_i2c.o(i.I2C_WaitOnMasterAddressFlagUntilTimeout) for I2C_WaitOnMasterAddressFlagUntilTimeout
    stm32f4xx_hal_i2c.o(i.I2C_RequestMemoryRead) refers to stm32f4xx_hal_i2c.o(i.I2C_WaitOnTXEFlagUntilTimeout) for I2C_WaitOnTXEFlagUntilTimeout
    stm32f4xx_hal_i2c.o(i.I2C_RequestMemoryWrite) refers to stm32f4xx_hal_i2c.o(i.I2C_WaitOnFlagUntilTimeout) for I2C_WaitOnFlagUntilTimeout
    stm32f4xx_hal_i2c.o(i.I2C_RequestMemoryWrite) refers to stm32f4xx_hal_i2c.o(i.I2C_WaitOnMasterAddressFlagUntilTimeout) for I2C_WaitOnMasterAddressFlagUntilTimeout
    stm32f4xx_hal_i2c.o(i.I2C_RequestMemoryWrite) refers to stm32f4xx_hal_i2c.o(i.I2C_WaitOnTXEFlagUntilTimeout) for I2C_WaitOnTXEFlagUntilTimeout
    stm32f4xx_hal_i2c.o(i.I2C_Slave_AF) refers to stm32f4xx_hal_i2c.o(i.HAL_I2C_ListenCpltCallback) for HAL_I2C_ListenCpltCallback
    stm32f4xx_hal_i2c.o(i.I2C_Slave_AF) refers to stm32f4xx_hal_i2c.o(i.HAL_I2C_SlaveTxCpltCallback) for HAL_I2C_SlaveTxCpltCallback
    stm32f4xx_hal_i2c.o(i.I2C_Slave_STOPF) refers to stm32f4xx_hal_i2c.o(i.HAL_I2C_ListenCpltCallback) for HAL_I2C_ListenCpltCallback
    stm32f4xx_hal_i2c.o(i.I2C_Slave_STOPF) refers to stm32f4xx_hal_i2c.o(i.HAL_I2C_SlaveRxCpltCallback) for HAL_I2C_SlaveRxCpltCallback
    stm32f4xx_hal_i2c.o(i.I2C_WaitOnBTFFlagUntilTimeout) refers to stm32f4xx_hal_i2c.o(i.I2C_IsAcknowledgeFailed) for I2C_IsAcknowledgeFailed
    stm32f4xx_hal_i2c.o(i.I2C_WaitOnBTFFlagUntilTimeout) refers to stm32f4xx_hal.o(i.HAL_GetTick) for HAL_GetTick
    stm32f4xx_hal_i2c.o(i.I2C_WaitOnFlagUntilTimeout) refers to stm32f4xx_hal.o(i.HAL_GetTick) for HAL_GetTick
    stm32f4xx_hal_i2c.o(i.I2C_WaitOnMasterAddressFlagUntilTimeout) refers to stm32f4xx_hal.o(i.HAL_GetTick) for HAL_GetTick
    stm32f4xx_hal_i2c.o(i.I2C_WaitOnRXNEFlagUntilTimeout) refers to stm32f4xx_hal.o(i.HAL_GetTick) for HAL_GetTick
    stm32f4xx_hal_i2c.o(i.I2C_WaitOnTXEFlagUntilTimeout) refers to stm32f4xx_hal_i2c.o(i.I2C_IsAcknowledgeFailed) for I2C_IsAcknowledgeFailed
    stm32f4xx_hal_i2c.o(i.I2C_WaitOnTXEFlagUntilTimeout) refers to stm32f4xx_hal.o(i.HAL_GetTick) for HAL_GetTick
    stm32f4xx_hal_uart.o(i.HAL_HalfDuplex_Init) refers to stm32f4xx_hal_uart.o(i.HAL_UART_MspInit) for HAL_UART_MspInit
    stm32f4xx_hal_uart.o(i.HAL_HalfDuplex_Init) refers to stm32f4xx_hal_uart.o(i.UART_SetConfig) for UART_SetConfig
    stm32f4xx_hal_uart.o(i.HAL_LIN_Init) refers to stm32f4xx_hal_uart.o(i.HAL_UART_MspInit) for HAL_UART_MspInit
    stm32f4xx_hal_uart.o(i.HAL_LIN_Init) refers to stm32f4xx_hal_uart.o(i.UART_SetConfig) for UART_SetConfig
    stm32f4xx_hal_uart.o(i.HAL_MultiProcessor_Init) refers to stm32f4xx_hal_uart.o(i.HAL_UART_MspInit) for HAL_UART_MspInit
    stm32f4xx_hal_uart.o(i.HAL_MultiProcessor_Init) refers to stm32f4xx_hal_uart.o(i.UART_SetConfig) for UART_SetConfig
    stm32f4xx_hal_uart.o(i.HAL_UART_DMAStop) refers to stm32f4xx_hal_dma.o(i.HAL_DMA_Abort) for HAL_DMA_Abort
    stm32f4xx_hal_uart.o(i.HAL_UART_DMAStop) refers to stm32f4xx_hal_uart.o(i.UART_EndTxTransfer) for UART_EndTxTransfer
    stm32f4xx_hal_uart.o(i.HAL_UART_DMAStop) refers to stm32f4xx_hal_uart.o(i.UART_EndRxTransfer) for UART_EndRxTransfer
    stm32f4xx_hal_uart.o(i.HAL_UART_DeInit) refers to stm32f4xx_hal_uart.o(i.HAL_UART_MspDeInit) for HAL_UART_MspDeInit
    stm32f4xx_hal_uart.o(i.HAL_UART_IRQHandler) refers to stm32f4xx_hal_uart.o(i.UART_Receive_IT) for UART_Receive_IT
    stm32f4xx_hal_uart.o(i.HAL_UART_IRQHandler) refers to stm32f4xx_hal_uart.o(i.UART_EndRxTransfer) for UART_EndRxTransfer
    stm32f4xx_hal_uart.o(i.HAL_UART_IRQHandler) refers to stm32f4xx_hal_dma.o(i.HAL_DMA_Abort_IT) for HAL_DMA_Abort_IT
    stm32f4xx_hal_uart.o(i.HAL_UART_IRQHandler) refers to stm32f4xx_hal_uart.o(i.HAL_UART_ErrorCallback) for HAL_UART_ErrorCallback
    stm32f4xx_hal_uart.o(i.HAL_UART_IRQHandler) refers to stm32f4xx_hal_uart.o(i.UART_Transmit_IT) for UART_Transmit_IT
    stm32f4xx_hal_uart.o(i.HAL_UART_IRQHandler) refers to stm32f4xx_hal_uart.o(i.HAL_UART_TxCpltCallback) for HAL_UART_TxCpltCallback
    stm32f4xx_hal_uart.o(i.HAL_UART_IRQHandler) refers to stm32f4xx_hal_uart.o(i.UART_DMAAbortOnError) for UART_DMAAbortOnError
    stm32f4xx_hal_uart.o(i.HAL_UART_Init) refers to stm32f4xx_hal_uart.o(i.HAL_UART_MspInit) for HAL_UART_MspInit
    stm32f4xx_hal_uart.o(i.HAL_UART_Init) refers to stm32f4xx_hal_uart.o(i.UART_SetConfig) for UART_SetConfig
    stm32f4xx_hal_uart.o(i.HAL_UART_Receive) refers to stm32f4xx_hal.o(i.HAL_GetTick) for HAL_GetTick
    stm32f4xx_hal_uart.o(i.HAL_UART_Receive) refers to stm32f4xx_hal_uart.o(i.UART_WaitOnFlagUntilTimeout) for UART_WaitOnFlagUntilTimeout
    stm32f4xx_hal_uart.o(i.HAL_UART_Receive_DMA) refers to stm32f4xx_hal_dma.o(i.HAL_DMA_Start_IT) for HAL_DMA_Start_IT
    stm32f4xx_hal_uart.o(i.HAL_UART_Receive_DMA) refers to stm32f4xx_hal_uart.o(i.UART_DMAReceiveCplt) for UART_DMAReceiveCplt
    stm32f4xx_hal_uart.o(i.HAL_UART_Receive_DMA) refers to stm32f4xx_hal_uart.o(i.UART_DMARxHalfCplt) for UART_DMARxHalfCplt
    stm32f4xx_hal_uart.o(i.HAL_UART_Receive_DMA) refers to stm32f4xx_hal_uart.o(i.UART_DMAError) for UART_DMAError
    stm32f4xx_hal_uart.o(i.HAL_UART_Transmit) refers to stm32f4xx_hal.o(i.HAL_GetTick) for HAL_GetTick
    stm32f4xx_hal_uart.o(i.HAL_UART_Transmit) refers to stm32f4xx_hal_uart.o(i.UART_WaitOnFlagUntilTimeout) for UART_WaitOnFlagUntilTimeout
    stm32f4xx_hal_uart.o(i.HAL_UART_Transmit_DMA) refers to stm32f4xx_hal_dma.o(i.HAL_DMA_Start_IT) for HAL_DMA_Start_IT
    stm32f4xx_hal_uart.o(i.HAL_UART_Transmit_DMA) refers to stm32f4xx_hal_uart.o(i.UART_DMATransmitCplt) for UART_DMATransmitCplt
    stm32f4xx_hal_uart.o(i.HAL_UART_Transmit_DMA) refers to stm32f4xx_hal_uart.o(i.UART_DMATxHalfCplt) for UART_DMATxHalfCplt
    stm32f4xx_hal_uart.o(i.HAL_UART_Transmit_DMA) refers to stm32f4xx_hal_uart.o(i.UART_DMAError) for UART_DMAError
    stm32f4xx_hal_uart.o(i.UART_DMAAbortOnError) refers to stm32f4xx_hal_uart.o(i.HAL_UART_ErrorCallback) for HAL_UART_ErrorCallback
    stm32f4xx_hal_uart.o(i.UART_DMAError) refers to stm32f4xx_hal_uart.o(i.UART_EndTxTransfer) for UART_EndTxTransfer
    stm32f4xx_hal_uart.o(i.UART_DMAError) refers to stm32f4xx_hal_uart.o(i.UART_EndRxTransfer) for UART_EndRxTransfer
    stm32f4xx_hal_uart.o(i.UART_DMAError) refers to stm32f4xx_hal_uart.o(i.HAL_UART_ErrorCallback) for HAL_UART_ErrorCallback
    stm32f4xx_hal_uart.o(i.UART_DMAReceiveCplt) refers to stm32f4xx_hal_uart.o(i.HAL_UART_RxCpltCallback) for HAL_UART_RxCpltCallback
    stm32f4xx_hal_uart.o(i.UART_DMARxHalfCplt) refers to stm32f4xx_hal_uart.o(i.HAL_UART_RxHalfCpltCallback) for HAL_UART_RxHalfCpltCallback
    stm32f4xx_hal_uart.o(i.UART_DMATransmitCplt) refers to stm32f4xx_hal_uart.o(i.HAL_UART_TxCpltCallback) for HAL_UART_TxCpltCallback
    stm32f4xx_hal_uart.o(i.UART_DMATxHalfCplt) refers to stm32f4xx_hal_uart.o(i.HAL_UART_TxHalfCpltCallback) for HAL_UART_TxHalfCpltCallback
    stm32f4xx_hal_uart.o(i.UART_Receive_IT) refers to stm32f4xx_hal_uart.o(i.HAL_UART_RxCpltCallback) for HAL_UART_RxCpltCallback
    stm32f4xx_hal_uart.o(i.UART_SetConfig) refers to stm32f4xx_hal_rcc.o(i.HAL_RCC_GetPCLK2Freq) for HAL_RCC_GetPCLK2Freq
    stm32f4xx_hal_uart.o(i.UART_SetConfig) refers to stm32f4xx_hal_rcc.o(i.HAL_RCC_GetPCLK1Freq) for HAL_RCC_GetPCLK1Freq
    stm32f4xx_hal_uart.o(i.UART_WaitOnFlagUntilTimeout) refers to stm32f4xx_hal.o(i.HAL_GetTick) for HAL_GetTick
    system_stm32f4xx.o(i.SystemCoreClockUpdate) refers to system_stm32f4xx.o(.data) for .data
    startup_stm32f429xx.o(RESET) refers to startup_stm32f429xx.o(STACK) for __initial_sp
    startup_stm32f429xx.o(RESET) refers to startup_stm32f429xx.o(.text) for Reset_Handler
    startup_stm32f429xx.o(RESET) refers to stm32f4xx_it.o(i.NMI_Handler) for NMI_Handler
    startup_stm32f429xx.o(RESET) refers to stm32f4xx_it.o(i.HardFault_Handler) for HardFault_Handler
    startup_stm32f429xx.o(RESET) refers to stm32f4xx_it.o(i.MemManage_Handler) for MemManage_Handler
    startup_stm32f429xx.o(RESET) refers to stm32f4xx_it.o(i.BusFault_Handler) for BusFault_Handler
    startup_stm32f429xx.o(RESET) refers to stm32f4xx_it.o(i.UsageFault_Handler) for UsageFault_Handler
    startup_stm32f429xx.o(RESET) refers to stm32f4xx_it.o(i.SVC_Handler) for SVC_Handler
    startup_stm32f429xx.o(RESET) refers to stm32f4xx_it.o(i.DebugMon_Handler) for DebugMon_Handler
    startup_stm32f429xx.o(RESET) refers to stm32f4xx_it.o(i.PendSV_Handler) for PendSV_Handler
    startup_stm32f429xx.o(RESET) refers to stm32f4xx_it.o(i.SysTick_Handler) for SysTick_Handler
    startup_stm32f429xx.o(RESET) refers to stm32f4xx_it.o(i.DMA1_Stream5_IRQHandler) for DMA1_Stream5_IRQHandler
    startup_stm32f429xx.o(RESET) refers to stm32f4xx_it.o(i.DMA1_Stream6_IRQHandler) for DMA1_Stream6_IRQHandler
    startup_stm32f429xx.o(RESET) refers to stm32f4xx_it.o(i.CAN1_TX_IRQHandler) for CAN1_TX_IRQHandler
    startup_stm32f429xx.o(RESET) refers to stm32f4xx_it.o(i.CAN1_RX0_IRQHandler) for CAN1_RX0_IRQHandler
    startup_stm32f429xx.o(RESET) refers to stm32f4xx_it.o(i.CAN1_RX1_IRQHandler) for CAN1_RX1_IRQHandler
    startup_stm32f429xx.o(RESET) refers to stm32f4xx_it.o(i.CAN2_TX_IRQHandler) for CAN2_TX_IRQHandler
    startup_stm32f429xx.o(RESET) refers to stm32f4xx_it.o(i.CAN2_RX0_IRQHandler) for CAN2_RX0_IRQHandler
    startup_stm32f429xx.o(RESET) refers to stm32f4xx_it.o(i.CAN2_RX1_IRQHandler) for CAN2_RX1_IRQHandler
    startup_stm32f429xx.o(.text) refers to system_stm32f4xx.o(i.SystemInit) for SystemInit
    startup_stm32f429xx.o(.text) refers to entry.o(.ARM.Collect$$$$00000000) for __main
    entry.o(.ARM.Collect$$$$00000000) refers (Special) to entry10a.o(.ARM.Collect$$$$0000000D) for __rt_final_cpp
    entry.o(.ARM.Collect$$$$00000000) refers (Special) to entry11a.o(.ARM.Collect$$$$0000000F) for __rt_final_exit
    entry.o(.ARM.Collect$$$$00000000) refers (Special) to entry7b.o(.ARM.Collect$$$$00000008) for _main_clock
    entry.o(.ARM.Collect$$$$00000000) refers (Special) to entry8b.o(.ARM.Collect$$$$0000000A) for _main_cpp_init
    entry.o(.ARM.Collect$$$$00000000) refers (Special) to entry9a.o(.ARM.Collect$$$$0000000B) for _main_init
    entry.o(.ARM.Collect$$$$00000000) refers (Special) to entry5.o(.ARM.Collect$$$$00000004) for _main_scatterload
    entry.o(.ARM.Collect$$$$00000000) refers (Special) to entry2.o(.ARM.Collect$$$$00000001) for _main_stk
    entry2.o(.ARM.Collect$$$$00000001) refers to entry2.o(.ARM.Collect$$$$00002712) for __lit__00000000
    entry2.o(.ARM.Collect$$$$00002712) refers to startup_stm32f429xx.o(STACK) for __initial_sp
    entry2.o(__vectab_stack_and_reset_area) refers to startup_stm32f429xx.o(STACK) for __initial_sp
    entry2.o(__vectab_stack_and_reset_area) refers to entry.o(.ARM.Collect$$$$00000000) for __main
    entry5.o(.ARM.Collect$$$$00000004) refers to init.o(.text) for __scatterload
    entry9a.o(.ARM.Collect$$$$0000000B) refers to main.o(i.main) for main
    entry9b.o(.ARM.Collect$$$$0000000C) refers to main.o(i.main) for main
    init.o(.text) refers to entry5.o(.ARM.Collect$$$$00000004) for __main_after_scatterload


==============================================================================

Removing Unused input sections from the image.

    Removing stmpe1600.o(i.stmpe1600_DisableGlobalIT), (52 bytes).
    Removing stmpe1600.o(i.stmpe1600_EnableGlobalIT), (56 bytes).
    Removing stmpe1600.o(i.stmpe1600_GetInstance), (28 bytes).
    Removing stmpe1600.o(i.stmpe1600_IO_ClearIT), (20 bytes).
    Removing stmpe1600.o(i.stmpe1600_IO_Config), (110 bytes).
    Removing stmpe1600.o(i.stmpe1600_IO_DisablePinIT), (52 bytes).
    Removing stmpe1600.o(i.stmpe1600_IO_EnablePinIT), (56 bytes).
    Removing stmpe1600.o(i.stmpe1600_IO_ITStatus), (44 bytes).
    Removing stmpe1600.o(i.stmpe1600_IO_InitPin), (64 bytes).
    Removing stmpe1600.o(i.stmpe1600_IO_PolarityInv_Disable), (52 bytes).
    Removing stmpe1600.o(i.stmpe1600_IO_PolarityInv_Enable), (52 bytes).
    Removing stmpe1600.o(i.stmpe1600_IO_ReadIT), (40 bytes).
    Removing stmpe1600.o(i.stmpe1600_IO_ReadPin), (36 bytes).
    Removing stmpe1600.o(i.stmpe1600_IO_WritePin), (64 bytes).
    Removing stmpe1600.o(i.stmpe1600_Init), (48 bytes).
    Removing stmpe1600.o(i.stmpe1600_ReadID), (30 bytes).
    Removing stmpe1600.o(i.stmpe1600_Reset), (40 bytes).
    Removing stmpe1600.o(i.stmpe1600_SetITPolarity), (32 bytes).
    Removing stmpe1600.o(i.stmpe1600_Start), (2 bytes).
    Removing stmpe1600.o(.data), (4 bytes).
    Removing stmpe1600.o(.data), (44 bytes).
    Removing ts3510.o(i.ts3510_Init), (4 bytes).
    Removing ts3510.o(i.ts3510_ReadID), (4 bytes).
    Removing ts3510.o(i.ts3510_Reset), (2 bytes).
    Removing ts3510.o(i.ts3510_TS_ClearIT), (2 bytes).
    Removing ts3510.o(i.ts3510_TS_DetectTouch), (80 bytes).
    Removing ts3510.o(i.ts3510_TS_DisableIT), (2 bytes).
    Removing ts3510.o(i.ts3510_TS_EnableIT), (2 bytes).
    Removing ts3510.o(i.ts3510_TS_GetXY), (80 bytes).
    Removing ts3510.o(i.ts3510_TS_ITStatus), (4 bytes).
    Removing ts3510.o(i.ts3510_TS_Start), (2 bytes).
    Removing ts3510.o(.data), (40 bytes).
    Removing stmpe811.o(i.stmpe811_ClearGlobalIT), (10 bytes).
    Removing stmpe811.o(i.stmpe811_DisableGlobalIT), (28 bytes).
    Removing stmpe811.o(i.stmpe811_DisableITSource), (30 bytes).
    Removing stmpe811.o(i.stmpe811_EnableGlobalIT), (28 bytes).
    Removing stmpe811.o(i.stmpe811_EnableITSource), (30 bytes).
    Removing stmpe811.o(i.stmpe811_GetInstance), (28 bytes).
    Removing stmpe811.o(i.stmpe811_GlobalITStatus), (24 bytes).
    Removing stmpe811.o(i.stmpe811_IO_ClearIT), (56 bytes).
    Removing stmpe811.o(i.stmpe811_IO_Config), (200 bytes).
    Removing stmpe811.o(i.stmpe811_IO_DisableAF), (30 bytes).
    Removing stmpe811.o(i.stmpe811_IO_DisableIT), (20 bytes).
    Removing stmpe811.o(i.stmpe811_IO_DisablePinIT), (30 bytes).
    Removing stmpe811.o(i.stmpe811_IO_EnableAF), (30 bytes).
    Removing stmpe811.o(i.stmpe811_IO_EnableIT), (26 bytes).
    Removing stmpe811.o(i.stmpe811_IO_EnablePinIT), (30 bytes).
    Removing stmpe811.o(i.stmpe811_IO_ITStatus), (16 bytes).
    Removing stmpe811.o(i.stmpe811_IO_InitPin), (40 bytes).
    Removing stmpe811.o(i.stmpe811_IO_ReadPin), (16 bytes).
    Removing stmpe811.o(i.stmpe811_IO_SetEdgeMode), (72 bytes).
    Removing stmpe811.o(i.stmpe811_IO_Start), (38 bytes).
    Removing stmpe811.o(i.stmpe811_IO_WritePin), (18 bytes).
    Removing stmpe811.o(i.stmpe811_Init), (48 bytes).
    Removing stmpe811.o(i.stmpe811_ReadGITStatus), (16 bytes).
    Removing stmpe811.o(i.stmpe811_ReadID), (32 bytes).
    Removing stmpe811.o(i.stmpe811_Reset), (40 bytes).
    Removing stmpe811.o(i.stmpe811_SetITPolarity), (32 bytes).
    Removing stmpe811.o(i.stmpe811_SetITType), (32 bytes).
    Removing stmpe811.o(i.stmpe811_TS_ClearIT), (6 bytes).
    Removing stmpe811.o(i.stmpe811_TS_DetectTouch), (54 bytes).
    Removing stmpe811.o(i.stmpe811_TS_DisableIT), (20 bytes).
    Removing stmpe811.o(i.stmpe811_TS_EnableIT), (26 bytes).
    Removing stmpe811.o(i.stmpe811_TS_GetXY), (62 bytes).
    Removing stmpe811.o(i.stmpe811_TS_ITStatus), (16 bytes).
    Removing stmpe811.o(i.stmpe811_TS_Start), (162 bytes).
    Removing stmpe811.o(.data), (40 bytes).
    Removing stmpe811.o(.data), (44 bytes).
    Removing stmpe811.o(.data), (2 bytes).
    Removing stm324x9i_eval.o(.rev16_text), (4 bytes).
    Removing stm324x9i_eval.o(.revsh_text), (4 bytes).
    Removing stm324x9i_eval.o(.rrx_text), (6 bytes).
    Removing stm324x9i_eval.o(i.AUDIO_IO_DeInit), (2 bytes).
    Removing stm324x9i_eval.o(i.AUDIO_IO_Delay), (4 bytes).
    Removing stm324x9i_eval.o(i.AUDIO_IO_Init), (4 bytes).
    Removing stm324x9i_eval.o(i.AUDIO_IO_Read), (38 bytes).
    Removing stm324x9i_eval.o(i.AUDIO_IO_Write), (38 bytes).
    Removing stm324x9i_eval.o(i.BSP_COM_Init), (172 bytes).
    Removing stm324x9i_eval.o(i.BSP_GetVersion), (8 bytes).
    Removing stm324x9i_eval.o(i.BSP_JOY_GetState), (60 bytes).
    Removing stm324x9i_eval.o(i.BSP_JOY_Init), (28 bytes).
    Removing stm324x9i_eval.o(i.BSP_LED_Off), (28 bytes).
    Removing stm324x9i_eval.o(i.BSP_LED_On), (28 bytes).
    Removing stm324x9i_eval.o(i.BSP_LED_Toggle), (24 bytes).
    Removing stm324x9i_eval.o(i.BSP_PB_GetState), (24 bytes).
    Removing stm324x9i_eval.o(i.BSP_TS3510_IsDetected), (84 bytes).
    Removing stm324x9i_eval.o(i.CAMERA_Delay), (4 bytes).
    Removing stm324x9i_eval.o(i.CAMERA_IO_Init), (4 bytes).
    Removing stm324x9i_eval.o(i.CAMERA_IO_Read), (4 bytes).
    Removing stm324x9i_eval.o(i.CAMERA_IO_Write), (4 bytes).
    Removing stm324x9i_eval.o(i.EEPROM_IO_Init), (4 bytes).
    Removing stm324x9i_eval.o(i.EEPROM_IO_IsDeviceReady), (20 bytes).
    Removing stm324x9i_eval.o(i.EEPROM_IO_ReadData), (18 bytes).
    Removing stm324x9i_eval.o(i.EEPROM_IO_WriteData), (18 bytes).
    Removing stm324x9i_eval.o(i.I2Cx_Error), (20 bytes).
    Removing stm324x9i_eval.o(i.I2Cx_ITConfig), (116 bytes).
    Removing stm324x9i_eval.o(i.I2Cx_Init), (72 bytes).
    Removing stm324x9i_eval.o(i.I2Cx_MspInit), (148 bytes).
    Removing stm324x9i_eval.o(i.I2Cx_Read), (56 bytes).
    Removing stm324x9i_eval.o(i.I2Cx_ReadMultiple), (68 bytes).
    Removing stm324x9i_eval.o(i.I2Cx_Write), (48 bytes).
    Removing stm324x9i_eval.o(i.I2Cx_WriteMultiple), (48 bytes).
    Removing stm324x9i_eval.o(i.IOE_Delay), (4 bytes).
    Removing stm324x9i_eval.o(i.IOE_ITConfig), (4 bytes).
    Removing stm324x9i_eval.o(i.IOE_Init), (4 bytes).
    Removing stm324x9i_eval.o(i.IOE_Read), (4 bytes).
    Removing stm324x9i_eval.o(i.IOE_ReadMultiple), (14 bytes).
    Removing stm324x9i_eval.o(i.IOE_Write), (4 bytes).
    Removing stm324x9i_eval.o(i.IOE_WriteMultiple), (14 bytes).
    Removing stm324x9i_eval.o(.bss), (84 bytes).
    Removing stm324x9i_eval_io.o(.rev16_text), (4 bytes).
    Removing stm324x9i_eval_io.o(.revsh_text), (4 bytes).
    Removing stm324x9i_eval_io.o(.rrx_text), (6 bytes).
    Removing stm324x9i_eval_io.o(i.BSP_IO_ConfigPin), (24 bytes).
    Removing stm324x9i_eval_io.o(i.BSP_IO_ITClear), (20 bytes).
    Removing stm324x9i_eval_io.o(i.BSP_IO_ITGetStatus), (24 bytes).
    Removing stm324x9i_eval_io.o(i.BSP_IO_Init), (56 bytes).
    Removing stm324x9i_eval_io.o(i.BSP_IO_ReadPin), (24 bytes).
    Removing stm324x9i_eval_io.o(i.BSP_IO_TogglePin), (44 bytes).
    Removing stm324x9i_eval_io.o(i.BSP_IO_WritePin), (20 bytes).
    Removing stm324x9i_eval_io.o(.data), (4 bytes).
    Removing stm32f4xx_hal_msp.o(.rev16_text), (4 bytes).
    Removing stm32f4xx_hal_msp.o(.revsh_text), (4 bytes).
    Removing stm32f4xx_hal_msp.o(.rrx_text), (6 bytes).
    Removing stm32f4xx_hal_msp.o(i.HAL_CAN_MspDeInit), (56 bytes).
    Removing stm32f4xx_it.o(.rev16_text), (4 bytes).
    Removing stm32f4xx_it.o(.revsh_text), (4 bytes).
    Removing stm32f4xx_it.o(.rrx_text), (6 bytes).
    Removing main.o(.rev16_text), (4 bytes).
    Removing main.o(.revsh_text), (4 bytes).
    Removing main.o(.rrx_text), (6 bytes).
    Removing stm32f4xx_hal_sram.o(.rev16_text), (4 bytes).
    Removing stm32f4xx_hal_sram.o(.revsh_text), (4 bytes).
    Removing stm32f4xx_hal_sram.o(.rrx_text), (6 bytes).
    Removing stm32f4xx_hal_dma.o(.rev16_text), (4 bytes).
    Removing stm32f4xx_hal_dma.o(.revsh_text), (4 bytes).
    Removing stm32f4xx_hal_dma.o(.rrx_text), (6 bytes).
    Removing stm32f4xx_hal_dma.o(i.DMA_CalcBaseAndBitshift), (40 bytes).
    Removing stm32f4xx_hal_dma.o(i.DMA_CheckFifoParam), (84 bytes).
    Removing stm32f4xx_hal_dma.o(i.DMA_SetConfig), (40 bytes).
    Removing stm32f4xx_hal_dma.o(i.HAL_DMA_Abort), (142 bytes).
    Removing stm32f4xx_hal_dma.o(i.HAL_DMA_Abort_IT), (36 bytes).
    Removing stm32f4xx_hal_dma.o(i.HAL_DMA_DeInit), (86 bytes).
    Removing stm32f4xx_hal_dma.o(i.HAL_DMA_GetError), (4 bytes).
    Removing stm32f4xx_hal_dma.o(i.HAL_DMA_GetState), (6 bytes).
    Removing stm32f4xx_hal_dma.o(i.HAL_DMA_IRQHandler), (424 bytes).
    Removing stm32f4xx_hal_dma.o(i.HAL_DMA_Init), (208 bytes).
    Removing stm32f4xx_hal_dma.o(i.HAL_DMA_PollForTransfer), (272 bytes).
    Removing stm32f4xx_hal_dma.o(i.HAL_DMA_RegisterCallback), (80 bytes).
    Removing stm32f4xx_hal_dma.o(i.HAL_DMA_Start), (70 bytes).
    Removing stm32f4xx_hal_dma.o(i.HAL_DMA_Start_IT), (120 bytes).
    Removing stm32f4xx_hal_dma.o(i.HAL_DMA_UnRegisterCallback), (96 bytes).
    Removing stm32f4xx_hal_dma.o(.constdata), (8 bytes).
    Removing stm32f4xx_hal_can.o(.rev16_text), (4 bytes).
    Removing stm32f4xx_hal_can.o(.revsh_text), (4 bytes).
    Removing stm32f4xx_hal_can.o(.rrx_text), (6 bytes).
    Removing stm32f4xx_hal_can.o(i.HAL_CAN_DeInit), (32 bytes).
    Removing stm32f4xx_hal_can.o(i.HAL_CAN_GetError), (4 bytes).
    Removing stm32f4xx_hal_can.o(i.HAL_CAN_GetState), (6 bytes).
    Removing stm32f4xx_hal_can.o(i.HAL_CAN_MspDeInit), (2 bytes).
    Removing stm32f4xx_hal_can.o(i.HAL_CAN_MspInit), (2 bytes).
    Removing stm32f4xx_hal_can.o(i.HAL_CAN_Receive), (320 bytes).
    Removing stm32f4xx_hal_can.o(i.HAL_CAN_RxCpltCallback), (2 bytes).
    Removing stm32f4xx_hal_can.o(i.HAL_CAN_Sleep), (118 bytes).
    Removing stm32f4xx_hal_can.o(i.HAL_CAN_Transmit_IT), (326 bytes).
    Removing stm32f4xx_hal_can.o(i.HAL_CAN_WakeUp), (106 bytes).
    Removing stm32f4xx_hal_dma_ex.o(.rev16_text), (4 bytes).
    Removing stm32f4xx_hal_dma_ex.o(.revsh_text), (4 bytes).
    Removing stm32f4xx_hal_dma_ex.o(.rrx_text), (6 bytes).
    Removing stm32f4xx_hal_dma_ex.o(i.DMA_MultiBufferSetConfig), (30 bytes).
    Removing stm32f4xx_hal_dma_ex.o(i.HAL_DMAEx_ChangeMemory), (14 bytes).
    Removing stm32f4xx_hal_dma_ex.o(i.HAL_DMAEx_MultiBufferStart), (100 bytes).
    Removing stm32f4xx_hal_dma_ex.o(i.HAL_DMAEx_MultiBufferStart_IT), (2452 bytes).
    Removing stm32f4xx_hal_pwr_ex.o(.rev16_text), (4 bytes).
    Removing stm32f4xx_hal_pwr_ex.o(.revsh_text), (4 bytes).
    Removing stm32f4xx_hal_pwr_ex.o(.rrx_text), (6 bytes).
    Removing stm32f4xx_hal_pwr_ex.o(i.HAL_PWREx_ControlVoltageScaling), (176 bytes).
    Removing stm32f4xx_hal_pwr_ex.o(i.HAL_PWREx_DisableBkUpReg), (76 bytes).
    Removing stm32f4xx_hal_pwr_ex.o(i.HAL_PWREx_DisableFlashPowerDown), (28 bytes).
    Removing stm32f4xx_hal_pwr_ex.o(i.HAL_PWREx_DisableOverDrive), (140 bytes).
    Removing stm32f4xx_hal_pwr_ex.o(i.HAL_PWREx_EnableBkUpReg), (76 bytes).
    Removing stm32f4xx_hal_pwr_ex.o(i.HAL_PWREx_EnableFlashPowerDown), (24 bytes).
    Removing stm32f4xx_hal_pwr_ex.o(i.HAL_PWREx_EnterUnderDriveSTOPMode), (140 bytes).
    Removing stm32f4xx_hal_pwr_ex.o(i.HAL_PWREx_GetVoltageRange), (16 bytes).
    Removing stm32f4xx_hal_cortex.o(.rev16_text), (4 bytes).
    Removing stm32f4xx_hal_cortex.o(.revsh_text), (4 bytes).
    Removing stm32f4xx_hal_cortex.o(.rrx_text), (6 bytes).
    Removing stm32f4xx_hal_cortex.o(i.HAL_MPU_ConfigRegion), (84 bytes).
    Removing stm32f4xx_hal_cortex.o(i.HAL_NVIC_ClearPendingIRQ), (26 bytes).
    Removing stm32f4xx_hal_cortex.o(i.HAL_NVIC_DisableIRQ), (26 bytes).
    Removing stm32f4xx_hal_cortex.o(i.HAL_NVIC_GetActive), (36 bytes).
    Removing stm32f4xx_hal_cortex.o(i.HAL_NVIC_GetPendingIRQ), (36 bytes).
    Removing stm32f4xx_hal_cortex.o(i.HAL_NVIC_GetPriority), (82 bytes).
    Removing stm32f4xx_hal_cortex.o(i.HAL_NVIC_GetPriorityGrouping), (16 bytes).
    Removing stm32f4xx_hal_cortex.o(i.HAL_NVIC_SetPendingIRQ), (26 bytes).
    Removing stm32f4xx_hal_cortex.o(i.HAL_NVIC_SystemReset), (36 bytes).
    Removing stm32f4xx_hal_cortex.o(i.HAL_SYSTICK_CLKSourceConfig), (24 bytes).
    Removing stm32f4xx_hal_cortex.o(i.HAL_SYSTICK_Callback), (2 bytes).
    Removing stm32f4xx_hal_cortex.o(i.HAL_SYSTICK_IRQHandler), (8 bytes).
    Removing stm32f4xx_hal_rcc.o(.rev16_text), (4 bytes).
    Removing stm32f4xx_hal_rcc.o(.revsh_text), (4 bytes).
    Removing stm32f4xx_hal_rcc.o(.rrx_text), (6 bytes).
    Removing stm32f4xx_hal_rcc.o(i.HAL_RCC_CSSCallback), (2 bytes).
    Removing stm32f4xx_hal_rcc.o(i.HAL_RCC_DeInit), (2 bytes).
    Removing stm32f4xx_hal_rcc.o(i.HAL_RCC_DisableCSS), (12 bytes).
    Removing stm32f4xx_hal_rcc.o(i.HAL_RCC_EnableCSS), (12 bytes).
    Removing stm32f4xx_hal_rcc.o(i.HAL_RCC_GetClockConfig), (64 bytes).
    Removing stm32f4xx_hal_rcc.o(i.HAL_RCC_GetHCLKFreq), (12 bytes).
    Removing stm32f4xx_hal_rcc.o(i.HAL_RCC_GetOscConfig), (224 bytes).
    Removing stm32f4xx_hal_rcc.o(i.HAL_RCC_GetPCLK1Freq), (48 bytes).
    Removing stm32f4xx_hal_rcc.o(i.HAL_RCC_GetPCLK2Freq), (48 bytes).
    Removing stm32f4xx_hal_rcc.o(i.HAL_RCC_MCOConfig), (140 bytes).
    Removing stm32f4xx_hal_rcc.o(i.HAL_RCC_NMI_IRQHandler), (28 bytes).
    Removing stm32f4xx_hal.o(.rev16_text), (4 bytes).
    Removing stm32f4xx_hal.o(.revsh_text), (4 bytes).
    Removing stm32f4xx_hal.o(.rrx_text), (6 bytes).
    Removing stm32f4xx_hal.o(i.HAL_DBGMCU_DisableDBGSleepMode), (16 bytes).
    Removing stm32f4xx_hal.o(i.HAL_DBGMCU_DisableDBGStandbyMode), (16 bytes).
    Removing stm32f4xx_hal.o(i.HAL_DBGMCU_DisableDBGStopMode), (16 bytes).
    Removing stm32f4xx_hal.o(i.HAL_DBGMCU_EnableDBGSleepMode), (16 bytes).
    Removing stm32f4xx_hal.o(i.HAL_DBGMCU_EnableDBGStandbyMode), (16 bytes).
    Removing stm32f4xx_hal.o(i.HAL_DBGMCU_EnableDBGStopMode), (16 bytes).
    Removing stm32f4xx_hal.o(i.HAL_DeInit), (52 bytes).
    Removing stm32f4xx_hal.o(i.HAL_DisableCompensationCell), (28 bytes).
    Removing stm32f4xx_hal.o(i.HAL_DisableMemorySwappingBank), (28 bytes).
    Removing stm32f4xx_hal.o(i.HAL_EnableCompensationCell), (28 bytes).
    Removing stm32f4xx_hal.o(i.HAL_EnableMemorySwappingBank), (24 bytes).
    Removing stm32f4xx_hal.o(i.HAL_GetDEVID), (16 bytes).
    Removing stm32f4xx_hal.o(i.HAL_GetHalVersion), (8 bytes).
    Removing stm32f4xx_hal.o(i.HAL_GetREVID), (12 bytes).
    Removing stm32f4xx_hal.o(i.HAL_MspDeInit), (2 bytes).
    Removing stm32f4xx_hal.o(i.HAL_ResumeTick), (14 bytes).
    Removing stm32f4xx_hal.o(i.HAL_SuspendTick), (14 bytes).
    Removing stm32f4xx_hal_gpio.o(.rev16_text), (4 bytes).
    Removing stm32f4xx_hal_gpio.o(.revsh_text), (4 bytes).
    Removing stm32f4xx_hal_gpio.o(.rrx_text), (6 bytes).
    Removing stm32f4xx_hal_gpio.o(i.HAL_GPIO_DeInit), (368 bytes).
    Removing stm32f4xx_hal_gpio.o(i.HAL_GPIO_EXTI_Callback), (2 bytes).
    Removing stm32f4xx_hal_gpio.o(i.HAL_GPIO_EXTI_IRQHandler), (24 bytes).
    Removing stm32f4xx_hal_gpio.o(i.HAL_GPIO_LockPin), (34 bytes).
    Removing stm32f4xx_hal_gpio.o(i.HAL_GPIO_ReadPin), (10 bytes).
    Removing stm32f4xx_hal_gpio.o(i.HAL_GPIO_TogglePin), (8 bytes).
    Removing stm32f4xx_hal_i2c.o(.rev16_text), (4 bytes).
    Removing stm32f4xx_hal_i2c.o(.revsh_text), (4 bytes).
    Removing stm32f4xx_hal_i2c.o(.rrx_text), (6 bytes).
    Removing stm32f4xx_hal_i2c.o(i.HAL_I2C_AbortCpltCallback), (2 bytes).
    Removing stm32f4xx_hal_i2c.o(i.HAL_I2C_AddrCallback), (2 bytes).
    Removing stm32f4xx_hal_i2c.o(i.HAL_I2C_DeInit), (50 bytes).
    Removing stm32f4xx_hal_i2c.o(i.HAL_I2C_DisableListen_IT), (68 bytes).
    Removing stm32f4xx_hal_i2c.o(i.HAL_I2C_ER_IRQHandler), (188 bytes).
    Removing stm32f4xx_hal_i2c.o(i.HAL_I2C_EV_IRQHandler), (520 bytes).
    Removing stm32f4xx_hal_i2c.o(i.HAL_I2C_EnableListen_IT), (42 bytes).
    Removing stm32f4xx_hal_i2c.o(i.HAL_I2C_ErrorCallback), (2 bytes).
    Removing stm32f4xx_hal_i2c.o(i.HAL_I2C_GetError), (4 bytes).
    Removing stm32f4xx_hal_i2c.o(i.HAL_I2C_GetMode), (6 bytes).
    Removing stm32f4xx_hal_i2c.o(i.HAL_I2C_GetState), (6 bytes).
    Removing stm32f4xx_hal_i2c.o(i.HAL_I2C_Init), (264 bytes).
    Removing stm32f4xx_hal_i2c.o(i.HAL_I2C_IsDeviceReady), (336 bytes).
    Removing stm32f4xx_hal_i2c.o(i.HAL_I2C_ListenCpltCallback), (2 bytes).
    Removing stm32f4xx_hal_i2c.o(i.HAL_I2C_MasterRxCpltCallback), (2 bytes).
    Removing stm32f4xx_hal_i2c.o(i.HAL_I2C_MasterTxCpltCallback), (2 bytes).
    Removing stm32f4xx_hal_i2c.o(i.HAL_I2C_Master_Abort_IT), (102 bytes).
    Removing stm32f4xx_hal_i2c.o(i.HAL_I2C_Master_Receive), (492 bytes).
    Removing stm32f4xx_hal_i2c.o(i.HAL_I2C_Master_Receive_DMA), (336 bytes).
    Removing stm32f4xx_hal_i2c.o(i.HAL_I2C_Master_Receive_IT), (172 bytes).
    Removing stm32f4xx_hal_i2c.o(i.HAL_I2C_Master_Sequential_Receive_IT), (200 bytes).
    Removing stm32f4xx_hal_i2c.o(i.HAL_I2C_Master_Sequential_Transmit_IT), (184 bytes).
    Removing stm32f4xx_hal_i2c.o(i.HAL_I2C_Master_Transmit), (256 bytes).
    Removing stm32f4xx_hal_i2c.o(i.HAL_I2C_Master_Transmit_DMA), (308 bytes).
    Removing stm32f4xx_hal_i2c.o(i.HAL_I2C_Master_Transmit_IT), (160 bytes).
    Removing stm32f4xx_hal_i2c.o(i.HAL_I2C_MemRxCpltCallback), (2 bytes).
    Removing stm32f4xx_hal_i2c.o(i.HAL_I2C_MemTxCpltCallback), (2 bytes).
    Removing stm32f4xx_hal_i2c.o(i.HAL_I2C_Mem_Read), (492 bytes).
    Removing stm32f4xx_hal_i2c.o(i.HAL_I2C_Mem_Read_DMA), (352 bytes).
    Removing stm32f4xx_hal_i2c.o(i.HAL_I2C_Mem_Read_IT), (192 bytes).
    Removing stm32f4xx_hal_i2c.o(i.HAL_I2C_Mem_Write), (256 bytes).
    Removing stm32f4xx_hal_i2c.o(i.HAL_I2C_Mem_Write_DMA), (312 bytes).
    Removing stm32f4xx_hal_i2c.o(i.HAL_I2C_Mem_Write_IT), (180 bytes).
    Removing stm32f4xx_hal_i2c.o(i.HAL_I2C_MspDeInit), (2 bytes).
    Removing stm32f4xx_hal_i2c.o(i.HAL_I2C_MspInit), (2 bytes).
    Removing stm32f4xx_hal_i2c.o(i.HAL_I2C_SlaveRxCpltCallback), (2 bytes).
    Removing stm32f4xx_hal_i2c.o(i.HAL_I2C_SlaveTxCpltCallback), (2 bytes).
    Removing stm32f4xx_hal_i2c.o(i.HAL_I2C_Slave_Receive), (348 bytes).
    Removing stm32f4xx_hal_i2c.o(i.HAL_I2C_Slave_Receive_DMA), (288 bytes).
    Removing stm32f4xx_hal_i2c.o(i.HAL_I2C_Slave_Receive_IT), (168 bytes).
    Removing stm32f4xx_hal_i2c.o(i.HAL_I2C_Slave_Sequential_Receive_IT), (92 bytes).
    Removing stm32f4xx_hal_i2c.o(i.HAL_I2C_Slave_Sequential_Transmit_IT), (92 bytes).
    Removing stm32f4xx_hal_i2c.o(i.HAL_I2C_Slave_Transmit), (324 bytes).
    Removing stm32f4xx_hal_i2c.o(i.HAL_I2C_Slave_Transmit_DMA), (336 bytes).
    Removing stm32f4xx_hal_i2c.o(i.HAL_I2C_Slave_Transmit_IT), (168 bytes).
    Removing stm32f4xx_hal_i2c.o(i.I2C_DMAAbort), (56 bytes).
    Removing stm32f4xx_hal_i2c.o(i.I2C_DMAError), (42 bytes).
    Removing stm32f4xx_hal_i2c.o(i.I2C_DMAXferCplt), (134 bytes).
    Removing stm32f4xx_hal_i2c.o(i.I2C_ITError), (188 bytes).
    Removing stm32f4xx_hal_i2c.o(i.I2C_IsAcknowledgeFailed), (40 bytes).
    Removing stm32f4xx_hal_i2c.o(i.I2C_MasterReceive_BTF), (208 bytes).
    Removing stm32f4xx_hal_i2c.o(i.I2C_MasterReceive_RXNE), (188 bytes).
    Removing stm32f4xx_hal_i2c.o(i.I2C_MasterRequestRead), (222 bytes).
    Removing stm32f4xx_hal_i2c.o(i.I2C_MasterRequestWrite), (148 bytes).
    Removing stm32f4xx_hal_i2c.o(i.I2C_MasterTransmit_BTF), (140 bytes).
    Removing stm32f4xx_hal_i2c.o(i.I2C_MasterTransmit_TXE), (276 bytes).
    Removing stm32f4xx_hal_i2c.o(i.I2C_Master_ADDR), (192 bytes).
    Removing stm32f4xx_hal_i2c.o(i.I2C_Master_SB), (90 bytes).
    Removing stm32f4xx_hal_i2c.o(i.I2C_RequestMemoryRead), (240 bytes).
    Removing stm32f4xx_hal_i2c.o(i.I2C_RequestMemoryWrite), (160 bytes).
    Removing stm32f4xx_hal_i2c.o(i.I2C_Slave_AF), (144 bytes).
    Removing stm32f4xx_hal_i2c.o(i.I2C_Slave_STOPF), (112 bytes).
    Removing stm32f4xx_hal_i2c.o(i.I2C_WaitOnBTFFlagUntilTimeout), (78 bytes).
    Removing stm32f4xx_hal_i2c.o(i.I2C_WaitOnFlagUntilTimeout), (96 bytes).
    Removing stm32f4xx_hal_i2c.o(i.I2C_WaitOnMasterAddressFlagUntilTimeout), (136 bytes).
    Removing stm32f4xx_hal_i2c.o(i.I2C_WaitOnRXNEFlagUntilTimeout), (98 bytes).
    Removing stm32f4xx_hal_i2c.o(i.I2C_WaitOnTXEFlagUntilTimeout), (78 bytes).
    Removing stm32f4xx_ll_fmc.o(.rev16_text), (4 bytes).
    Removing stm32f4xx_ll_fmc.o(.revsh_text), (4 bytes).
    Removing stm32f4xx_ll_fmc.o(.rrx_text), (6 bytes).
    Removing stm32f4xx_hal_uart.o(.rev16_text), (4 bytes).
    Removing stm32f4xx_hal_uart.o(.revsh_text), (4 bytes).
    Removing stm32f4xx_hal_uart.o(.rrx_text), (6 bytes).
    Removing stm32f4xx_hal_uart.o(i.HAL_HalfDuplex_EnableReceiver), (50 bytes).
    Removing stm32f4xx_hal_uart.o(i.HAL_HalfDuplex_EnableTransmitter), (50 bytes).
    Removing stm32f4xx_hal_uart.o(i.HAL_HalfDuplex_Init), (108 bytes).
    Removing stm32f4xx_hal_uart.o(i.HAL_LIN_Init), (128 bytes).
    Removing stm32f4xx_hal_uart.o(i.HAL_LIN_SendBreak), (46 bytes).
    Removing stm32f4xx_hal_uart.o(i.HAL_MultiProcessor_EnterMuteMode), (46 bytes).
    Removing stm32f4xx_hal_uart.o(i.HAL_MultiProcessor_ExitMuteMode), (46 bytes).
    Removing stm32f4xx_hal_uart.o(i.HAL_MultiProcessor_Init), (142 bytes).
    Removing stm32f4xx_hal_uart.o(i.HAL_UART_DMAPause), (102 bytes).
    Removing stm32f4xx_hal_uart.o(i.HAL_UART_DMAResume), (94 bytes).
    Removing stm32f4xx_hal_uart.o(i.HAL_UART_DMAStop), (88 bytes).
    Removing stm32f4xx_hal_uart.o(i.HAL_UART_DeInit), (40 bytes).
    Removing stm32f4xx_hal_uart.o(i.HAL_UART_ErrorCallback), (2 bytes).
    Removing stm32f4xx_hal_uart.o(i.HAL_UART_GetError), (4 bytes).
    Removing stm32f4xx_hal_uart.o(i.HAL_UART_GetState), (10 bytes).
    Removing stm32f4xx_hal_uart.o(i.HAL_UART_IRQHandler), (268 bytes).
    Removing stm32f4xx_hal_uart.o(i.HAL_UART_Init), (98 bytes).
    Removing stm32f4xx_hal_uart.o(i.HAL_UART_MspDeInit), (2 bytes).
    Removing stm32f4xx_hal_uart.o(i.HAL_UART_MspInit), (2 bytes).
    Removing stm32f4xx_hal_uart.o(i.HAL_UART_Receive), (186 bytes).
    Removing stm32f4xx_hal_uart.o(i.HAL_UART_Receive_DMA), (144 bytes).
    Removing stm32f4xx_hal_uart.o(i.HAL_UART_Receive_IT), (82 bytes).
    Removing stm32f4xx_hal_uart.o(i.HAL_UART_RxCpltCallback), (2 bytes).
    Removing stm32f4xx_hal_uart.o(i.HAL_UART_RxHalfCpltCallback), (2 bytes).
    Removing stm32f4xx_hal_uart.o(i.HAL_UART_Transmit), (186 bytes).
    Removing stm32f4xx_hal_uart.o(i.HAL_UART_Transmit_DMA), (128 bytes).
    Removing stm32f4xx_hal_uart.o(i.HAL_UART_Transmit_IT), (62 bytes).
    Removing stm32f4xx_hal_uart.o(i.HAL_UART_TxCpltCallback), (2 bytes).
    Removing stm32f4xx_hal_uart.o(i.HAL_UART_TxHalfCpltCallback), (2 bytes).
    Removing stm32f4xx_hal_uart.o(i.UART_DMAAbortOnError), (16 bytes).
    Removing stm32f4xx_hal_uart.o(i.UART_DMAError), (74 bytes).
    Removing stm32f4xx_hal_uart.o(i.UART_DMAReceiveCplt), (60 bytes).
    Removing stm32f4xx_hal_uart.o(i.UART_DMARxHalfCplt), (10 bytes).
    Removing stm32f4xx_hal_uart.o(i.UART_DMATransmitCplt), (46 bytes).
    Removing stm32f4xx_hal_uart.o(i.UART_DMATxHalfCplt), (10 bytes).
    Removing stm32f4xx_hal_uart.o(i.UART_EndRxTransfer), (28 bytes).
    Removing stm32f4xx_hal_uart.o(i.UART_EndTxTransfer), (18 bytes).
    Removing stm32f4xx_hal_uart.o(i.UART_Receive_IT), (140 bytes).
    Removing stm32f4xx_hal_uart.o(i.UART_SetConfig), (684 bytes).
    Removing stm32f4xx_hal_uart.o(i.UART_Transmit_IT), (98 bytes).
    Removing stm32f4xx_hal_uart.o(i.UART_WaitOnFlagUntilTimeout), (100 bytes).
    Removing system_stm32f4xx.o(.rev16_text), (4 bytes).
    Removing system_stm32f4xx.o(.revsh_text), (4 bytes).
    Removing system_stm32f4xx.o(.rrx_text), (6 bytes).
    Removing system_stm32f4xx.o(i.SystemCoreClockUpdate), (124 bytes).
    Removing startup_stm32f429xx.o(HEAP), (512 bytes).

364 unused section(s) (total 26524 bytes) removed from the image.

==============================================================================

Image Symbol Table

    Local Symbols

    Symbol Name                              Value     Ov Type        Size  Object(Section)

    ../clib/microlib/init/entry.s            0x00000000   Number         0  entry11a.o ABSOLUTE
    ../clib/microlib/init/entry.s            0x00000000   Number         0  entry11b.o ABSOLUTE
    ../clib/microlib/init/entry.s            0x00000000   Number         0  entry8a.o ABSOLUTE
    ../clib/microlib/init/entry.s            0x00000000   Number         0  entry.o ABSOLUTE
    ../clib/microlib/init/entry.s            0x00000000   Number         0  entry2.o ABSOLUTE
    ../clib/microlib/init/entry.s            0x00000000   Number         0  entry5.o ABSOLUTE
    ../clib/microlib/init/entry.s            0x00000000   Number         0  entry7a.o ABSOLUTE
    ../clib/microlib/init/entry.s            0x00000000   Number         0  entry7b.o ABSOLUTE
    ../clib/microlib/init/entry.s            0x00000000   Number         0  entry8b.o ABSOLUTE
    ../clib/microlib/init/entry.s            0x00000000   Number         0  entry9a.o ABSOLUTE
    ../clib/microlib/init/entry.s            0x00000000   Number         0  entry9b.o ABSOLUTE
    ../clib/microlib/init/entry.s            0x00000000   Number         0  entry10a.o ABSOLUTE
    ../clib/microlib/init/entry.s            0x00000000   Number         0  entry10b.o ABSOLUTE
    ..\..\..\..\..\..\Drivers\BSP\Components\stmpe1600\stmpe1600.c 0x00000000   Number         0  stmpe1600.o ABSOLUTE
    ..\..\..\..\..\..\Drivers\BSP\Components\stmpe811\stmpe811.c 0x00000000   Number         0  stmpe811.o ABSOLUTE
    ..\..\..\..\..\..\Drivers\BSP\Components\ts3510\ts3510.c 0x00000000   Number         0  ts3510.o ABSOLUTE
    ..\..\..\..\..\..\Drivers\BSP\STM324x9I_EVAL\stm324x9i_eval.c 0x00000000   Number         0  stm324x9i_eval.o ABSOLUTE
    ..\..\..\..\..\..\Drivers\BSP\STM324x9I_EVAL\stm324x9i_eval_io.c 0x00000000   Number         0  stm324x9i_eval_io.o ABSOLUTE
    ..\..\..\..\..\..\Drivers\STM32F4xx_HAL_Driver\Src\stm32f4xx_hal.c 0x00000000   Number         0  stm32f4xx_hal.o ABSOLUTE
    ..\..\..\..\..\..\Drivers\STM32F4xx_HAL_Driver\Src\stm32f4xx_hal_can.c 0x00000000   Number         0  stm32f4xx_hal_can.o ABSOLUTE
    ..\..\..\..\..\..\Drivers\STM32F4xx_HAL_Driver\Src\stm32f4xx_hal_cortex.c 0x00000000   Number         0  stm32f4xx_hal_cortex.o ABSOLUTE
    ..\..\..\..\..\..\Drivers\STM32F4xx_HAL_Driver\Src\stm32f4xx_hal_dma.c 0x00000000   Number         0  stm32f4xx_hal_dma.o ABSOLUTE
    ..\..\..\..\..\..\Drivers\STM32F4xx_HAL_Driver\Src\stm32f4xx_hal_dma_ex.c 0x00000000   Number         0  stm32f4xx_hal_dma_ex.o ABSOLUTE
    ..\..\..\..\..\..\Drivers\STM32F4xx_HAL_Driver\Src\stm32f4xx_hal_gpio.c 0x00000000   Number         0  stm32f4xx_hal_gpio.o ABSOLUTE
    ..\..\..\..\..\..\Drivers\STM32F4xx_HAL_Driver\Src\stm32f4xx_hal_i2c.c 0x00000000   Number         0  stm32f4xx_hal_i2c.o ABSOLUTE
    ..\..\..\..\..\..\Drivers\STM32F4xx_HAL_Driver\Src\stm32f4xx_hal_pwr_ex.c 0x00000000   Number         0  stm32f4xx_hal_pwr_ex.o ABSOLUTE
    ..\..\..\..\..\..\Drivers\STM32F4xx_HAL_Driver\Src\stm32f4xx_hal_rcc.c 0x00000000   Number         0  stm32f4xx_hal_rcc.o ABSOLUTE
    ..\..\..\..\..\..\Drivers\STM32F4xx_HAL_Driver\Src\stm32f4xx_hal_sram.c 0x00000000   Number         0  stm32f4xx_hal_sram.o ABSOLUTE
    ..\..\..\..\..\..\Drivers\STM32F4xx_HAL_Driver\Src\stm32f4xx_hal_uart.c 0x00000000   Number         0  stm32f4xx_hal_uart.o ABSOLUTE
    ..\..\..\..\..\..\Drivers\STM32F4xx_HAL_Driver\Src\stm32f4xx_ll_fmc.c 0x00000000   Number         0  stm32f4xx_ll_fmc.o ABSOLUTE
    ..\Src\main.c                            0x00000000   Number         0  main.o ABSOLUTE
    ..\Src\stm32f4xx_hal_msp.c               0x00000000   Number         0  stm32f4xx_hal_msp.o ABSOLUTE
    ..\Src\stm32f4xx_it.c                    0x00000000   Number         0  stm32f4xx_it.o ABSOLUTE
    ..\Src\system_stm32f4xx.c                0x00000000   Number         0  system_stm32f4xx.o ABSOLUTE
    ..\\..\\..\\..\\..\\..\\Drivers\\BSP\\STM324x9I_EVAL\\stm324x9i_eval.c 0x00000000   Number         0  stm324x9i_eval.o ABSOLUTE
    ..\\..\\..\\..\\..\\..\\Drivers\\BSP\\STM324x9I_EVAL\\stm324x9i_eval_io.c 0x00000000   Number         0  stm324x9i_eval_io.o ABSOLUTE
    ..\\..\\..\\..\\..\\..\\Drivers\\STM32F4xx_HAL_Driver\\Src\\stm32f4xx_hal.c 0x00000000   Number         0  stm32f4xx_hal.o ABSOLUTE
    ..\\..\\..\\..\\..\\..\\Drivers\\STM32F4xx_HAL_Driver\\Src\\stm32f4xx_hal_can.c 0x00000000   Number         0  stm32f4xx_hal_can.o ABSOLUTE
    ..\\..\\..\\..\\..\\..\\Drivers\\STM32F4xx_HAL_Driver\\Src\\stm32f4xx_hal_cortex.c 0x00000000   Number         0  stm32f4xx_hal_cortex.o ABSOLUTE
    ..\\..\\..\\..\\..\\..\\Drivers\\STM32F4xx_HAL_Driver\\Src\\stm32f4xx_hal_dma.c 0x00000000   Number         0  stm32f4xx_hal_dma.o ABSOLUTE
    ..\\..\\..\\..\\..\\..\\Drivers\\STM32F4xx_HAL_Driver\\Src\\stm32f4xx_hal_dma_ex.c 0x00000000   Number         0  stm32f4xx_hal_dma_ex.o ABSOLUTE
    ..\\..\\..\\..\\..\\..\\Drivers\\STM32F4xx_HAL_Driver\\Src\\stm32f4xx_hal_gpio.c 0x00000000   Number         0  stm32f4xx_hal_gpio.o ABSOLUTE
    ..\\..\\..\\..\\..\\..\\Drivers\\STM32F4xx_HAL_Driver\\Src\\stm32f4xx_hal_i2c.c 0x00000000   Number         0  stm32f4xx_hal_i2c.o ABSOLUTE
    ..\\..\\..\\..\\..\\..\\Drivers\\STM32F4xx_HAL_Driver\\Src\\stm32f4xx_hal_pwr_ex.c 0x00000000   Number         0  stm32f4xx_hal_pwr_ex.o ABSOLUTE
    ..\\..\\..\\..\\..\\..\\Drivers\\STM32F4xx_HAL_Driver\\Src\\stm32f4xx_hal_rcc.c 0x00000000   Number         0  stm32f4xx_hal_rcc.o ABSOLUTE
    ..\\..\\..\\..\\..\\..\\Drivers\\STM32F4xx_HAL_Driver\\Src\\stm32f4xx_hal_sram.c 0x00000000   Number         0  stm32f4xx_hal_sram.o ABSOLUTE
    ..\\..\\..\\..\\..\\..\\Drivers\\STM32F4xx_HAL_Driver\\Src\\stm32f4xx_hal_uart.c 0x00000000   Number         0  stm32f4xx_hal_uart.o ABSOLUTE
    ..\\..\\..\\..\\..\\..\\Drivers\\STM32F4xx_HAL_Driver\\Src\\stm32f4xx_ll_fmc.c 0x00000000   Number         0  stm32f4xx_ll_fmc.o ABSOLUTE
    ..\\Src\\main.c                          0x00000000   Number         0  main.o ABSOLUTE
    ..\\Src\\stm32f4xx_hal_msp.c             0x00000000   Number         0  stm32f4xx_hal_msp.o ABSOLUTE
    ..\\Src\\stm32f4xx_it.c                  0x00000000   Number         0  stm32f4xx_it.o ABSOLUTE
    ..\\Src\\system_stm32f4xx.c              0x00000000   Number         0  system_stm32f4xx.o ABSOLUTE
    dc.s                                     0x00000000   Number         0  dc.o ABSOLUTE
    handlers.s                               0x00000000   Number         0  handlers.o ABSOLUTE
    init.s                                   0x00000000   Number         0  init.o ABSOLUTE
    startup_stm32f429xx.s                    0x00000000   Number         0  startup_stm32f429xx.o ABSOLUTE
    RESET                                    0x08000000   Section      428  startup_stm32f429xx.o(RESET)
    .ARM.Collect$$$$00000000                 0x080001ac   Section        0  entry.o(.ARM.Collect$$$$00000000)
    .ARM.Collect$$$$00000001                 0x080001ac   Section        4  entry2.o(.ARM.Collect$$$$00000001)
    .ARM.Collect$$$$00000004                 0x080001b0   Section        4  entry5.o(.ARM.Collect$$$$00000004)
    .ARM.Collect$$$$00000008                 0x080001b4   Section        0  entry7b.o(.ARM.Collect$$$$00000008)
    .ARM.Collect$$$$0000000A                 0x080001b4   Section        0  entry8b.o(.ARM.Collect$$$$0000000A)
    .ARM.Collect$$$$0000000B                 0x080001b4   Section        8  entry9a.o(.ARM.Collect$$$$0000000B)
    .ARM.Collect$$$$0000000D                 0x080001bc   Section        0  entry10a.o(.ARM.Collect$$$$0000000D)
    .ARM.Collect$$$$0000000F                 0x080001bc   Section        0  entry11a.o(.ARM.Collect$$$$0000000F)
    .ARM.Collect$$$$00002712                 0x080001bc   Section        4  entry2.o(.ARM.Collect$$$$00002712)
    __lit__00000000                          0x080001bc   Data           4  entry2.o(.ARM.Collect$$$$00002712)
    .text                                    0x080001c0   Section       36  startup_stm32f429xx.o(.text)
    $v0                                      0x080001c0   Number         0  startup_stm32f429xx.o(.text)
    .text                                    0x080001e4   Section       36  init.o(.text)
    i.BSP_LED_Init                           0x08000208   Section        0  stm324x9i_eval.o(i.BSP_LED_Init)
    i.BSP_PB_Init                            0x0800026c   Section        0  stm324x9i_eval.o(i.BSP_PB_Init)
    i.BusFault_Handler                       0x0800031c   Section        0  stm32f4xx_it.o(i.BusFault_Handler)
    i.CAN1_RX0_IRQHandler                    0x08000320   Section        0  stm32f4xx_it.o(i.CAN1_RX0_IRQHandler)
    i.CAN1_RX1_IRQHandler                    0x0800032c   Section        0  stm32f4xx_it.o(i.CAN1_RX1_IRQHandler)
    i.CAN1_TX_IRQHandler                     0x08000338   Section        0  stm32f4xx_it.o(i.CAN1_TX_IRQHandler)
    i.CAN2_RX0_IRQHandler                    0x08000344   Section        0  stm32f4xx_it.o(i.CAN2_RX0_IRQHandler)
    i.CAN2_RX1_IRQHandler                    0x08000350   Section        0  stm32f4xx_it.o(i.CAN2_RX1_IRQHandler)
    i.CAN2_TX_IRQHandler                     0x0800035c   Section        0  stm32f4xx_it.o(i.CAN2_TX_IRQHandler)
    i.CAN_Config                             0x08000368   Section        0  main.o(i.CAN_Config)
    CAN_Config                               0x08000369   Thumb Code   128  main.o(i.CAN_Config)
    i.CAN_Receive_IT                         0x080003f0   Section        0  stm32f4xx_hal_can.o(i.CAN_Receive_IT)
    CAN_Receive_IT                           0x080003f1   Thumb Code   296  stm32f4xx_hal_can.o(i.CAN_Receive_IT)
    i.CAN_Transmit_IT                        0x08000518   Section        0  stm32f4xx_hal_can.o(i.CAN_Transmit_IT)
    CAN_Transmit_IT                          0x08000519   Thumb Code    96  stm32f4xx_hal_can.o(i.CAN_Transmit_IT)
    i.DMA1_Stream5_IRQHandler                0x08000578   Section        0  stm32f4xx_it.o(i.DMA1_Stream5_IRQHandler)
    i.DMA1_Stream6_IRQHandler                0x0800057a   Section        0  stm32f4xx_it.o(i.DMA1_Stream6_IRQHandler)
    i.DebugMon_Handler                       0x0800057c   Section        0  stm32f4xx_it.o(i.DebugMon_Handler)
    i.HAL_CAN_ConfigFilter                   0x08000580   Section        0  stm32f4xx_hal_can.o(i.HAL_CAN_ConfigFilter)
    i.HAL_CAN_ErrorCallback                  0x08000664   Section        0  stm32f4xx_hal_can.o(i.HAL_CAN_ErrorCallback)
    i.HAL_CAN_IRQHandler                     0x08000668   Section        0  stm32f4xx_hal_can.o(i.HAL_CAN_IRQHandler)
    i.HAL_CAN_Init                           0x080007e8   Section        0  stm32f4xx_hal_can.o(i.HAL_CAN_Init)
    i.HAL_CAN_MspInit                        0x08000930   Section        0  stm32f4xx_hal_msp.o(i.HAL_CAN_MspInit)
    i.HAL_CAN_Receive_IT                     0x080009a8   Section        0  stm32f4xx_hal_can.o(i.HAL_CAN_Receive_IT)
    i.HAL_CAN_RxCpltCallback                 0x08000a30   Section        0  main.o(i.HAL_CAN_RxCpltCallback)
    i.HAL_CAN_Transmit                       0x08000aa4   Section        0  stm32f4xx_hal_can.o(i.HAL_CAN_Transmit)
    i.HAL_CAN_TxCpltCallback                 0x08000c38   Section        0  stm32f4xx_hal_can.o(i.HAL_CAN_TxCpltCallback)
    i.HAL_Delay                              0x08000c3a   Section        0  stm32f4xx_hal.o(i.HAL_Delay)
    i.HAL_GPIO_Init                          0x08000c50   Section        0  stm32f4xx_hal_gpio.o(i.HAL_GPIO_Init)
    i.HAL_GPIO_WritePin                      0x08000e1c   Section        0  stm32f4xx_hal_gpio.o(i.HAL_GPIO_WritePin)
    i.HAL_GetTick                            0x08000e28   Section        0  stm32f4xx_hal.o(i.HAL_GetTick)
    i.HAL_IncTick                            0x08000e34   Section        0  stm32f4xx_hal.o(i.HAL_IncTick)
    i.HAL_Init                               0x08000e44   Section        0  stm32f4xx_hal.o(i.HAL_Init)
    i.HAL_InitTick                           0x08000e78   Section        0  stm32f4xx_hal.o(i.HAL_InitTick)
    i.HAL_MspInit                            0x08000ea0   Section        0  stm32f4xx_hal.o(i.HAL_MspInit)
    i.HAL_NVIC_EnableIRQ                     0x08000ea2   Section        0  stm32f4xx_hal_cortex.o(i.HAL_NVIC_EnableIRQ)
    i.HAL_NVIC_SetPriority                   0x08000ebc   Section        0  stm32f4xx_hal_cortex.o(i.HAL_NVIC_SetPriority)
    i.HAL_NVIC_SetPriorityGrouping           0x08000efc   Section        0  stm32f4xx_hal_cortex.o(i.HAL_NVIC_SetPriorityGrouping)
    i.HAL_PWREx_EnableOverDrive              0x08000f20   Section        0  stm32f4xx_hal_pwr_ex.o(i.HAL_PWREx_EnableOverDrive)
    i.HAL_RCC_ClockConfig                    0x08000fac   Section        0  stm32f4xx_hal_rcc.o(i.HAL_RCC_ClockConfig)
    i.HAL_RCC_GetSysClockFreq                0x08001128   Section        0  stm32f4xx_hal_rcc.o(i.HAL_RCC_GetSysClockFreq)
    i.HAL_RCC_OscConfig                      0x0800119c   Section        0  stm32f4xx_hal_rcc.o(i.HAL_RCC_OscConfig)
    i.HAL_SYSTICK_Config                     0x08001480   Section        0  stm32f4xx_hal_cortex.o(i.HAL_SYSTICK_Config)
    i.HardFault_Handler                      0x080014a8   Section        0  stm32f4xx_it.o(i.HardFault_Handler)
    i.MemManage_Handler                      0x080014aa   Section        0  stm32f4xx_it.o(i.MemManage_Handler)
    i.NMI_Handler                            0x080014ac   Section        0  stm32f4xx_it.o(i.NMI_Handler)
    i.PendSV_Handler                         0x080014ae   Section        0  stm32f4xx_it.o(i.PendSV_Handler)
    i.SVC_Handler                            0x080014b0   Section        0  stm32f4xx_it.o(i.SVC_Handler)
    i.SysTick_Handler                        0x080014b2   Section        0  stm32f4xx_it.o(i.SysTick_Handler)
    i.SystemClock_Config                     0x080014b8   Section        0  main.o(i.SystemClock_Config)
    SystemClock_Config                       0x080014b9   Thumb Code   112  main.o(i.SystemClock_Config)
    i.SystemInit                             0x08001530   Section        0  system_stm32f4xx.o(i.SystemInit)
    i.UsageFault_Handler                     0x08001584   Section        0  stm32f4xx_it.o(i.UsageFault_Handler)
    i.__NVIC_SetPriority                     0x08001586   Section        0  stm32f4xx_hal_cortex.o(i.__NVIC_SetPriority)
    __NVIC_SetPriority                       0x08001587   Thumb Code    32  stm32f4xx_hal_cortex.o(i.__NVIC_SetPriority)
    i.__scatterload_copy                     0x080015a6   Section       14  handlers.o(i.__scatterload_copy)
    i.__scatterload_null                     0x080015b4   Section        2  handlers.o(i.__scatterload_null)
    i.__scatterload_zeroinit                 0x080015b6   Section       14  handlers.o(i.__scatterload_zeroinit)
    i.main                                   0x080015c4   Section        0  main.o(i.main)
    .constdata                               0x0800161c   Section       28  stm324x9i_eval.o(.constdata)
    .constdata                               0x08001638   Section       16  stm32f4xx_hal_rcc.o(.constdata)
    .data                                    0x20000000   Section       44  stm324x9i_eval.o(.data)
    I2C_IT_Enabled                           0x20000000   Data           1  stm324x9i_eval.o(.data)
    .data                                    0x2000002c   Section        1  main.o(.data)
    .data                                    0x20000030   Section        4  stm32f4xx_hal.o(.data)
    .data                                    0x20000034   Section       20  system_stm32f4xx.o(.data)
    .bss                                     0x20000048   Section      128  main.o(.bss)
    TxMessage                                0x20000048   Data          28  main.o(.bss)
    RxMessage                                0x20000064   Data          36  main.o(.bss)
    STACK                                    0x200000c8   Section     1024  startup_stm32f429xx.o(STACK)

    Global Symbols

    Symbol Name                              Value     Ov Type        Size  Object(Section)

    BuildAttributes$$THM_ISAv4$E$P$D$K$B$S$7EM$VFPi3$EXTD16$VFPS$VFMA$PE$A:L22UL41UL21$X:L11$S22US41US21$IEEE1$IW$USESV6$~STKCKD$USESV7$~SHL$OSPACE$EBA8$MICROLIB$REQ8$PRES8$EABIv2 0x00000000   Number         0  anon$$obj.o ABSOLUTE
    __ARM_use_no_argv                        0x00000000   Number         0  main.o ABSOLUTE
    __cpp_initialize__aeabi_                  - Undefined Weak Reference
    __cxa_finalize                            - Undefined Weak Reference
    __decompress                              - Undefined Weak Reference
    _clock_init                               - Undefined Weak Reference
    _microlib_exit                            - Undefined Weak Reference
    __Vectors_Size                           0x000001ac   Number         0  startup_stm32f429xx.o ABSOLUTE
    __Vectors                                0x08000000   Data           4  startup_stm32f429xx.o(RESET)
    __Vectors_End                            0x080001ac   Data           0  startup_stm32f429xx.o(RESET)
    __main                                   0x080001ad   Thumb Code     0  entry.o(.ARM.Collect$$$$00000000)
    _main_stk                                0x080001ad   Thumb Code     0  entry2.o(.ARM.Collect$$$$00000001)
    _main_scatterload                        0x080001b1   Thumb Code     0  entry5.o(.ARM.Collect$$$$00000004)
    __main_after_scatterload                 0x080001b5   Thumb Code     0  entry5.o(.ARM.Collect$$$$00000004)
    _main_clock                              0x080001b5   Thumb Code     0  entry7b.o(.ARM.Collect$$$$00000008)
    _main_cpp_init                           0x080001b5   Thumb Code     0  entry8b.o(.ARM.Collect$$$$0000000A)
    _main_init                               0x080001b5   Thumb Code     0  entry9a.o(.ARM.Collect$$$$0000000B)
    __rt_final_cpp                           0x080001bd   Thumb Code     0  entry10a.o(.ARM.Collect$$$$0000000D)
    __rt_final_exit                          0x080001bd   Thumb Code     0  entry11a.o(.ARM.Collect$$$$0000000F)
    Reset_Handler                            0x080001c1   Thumb Code     8  startup_stm32f429xx.o(.text)
    ADC_IRQHandler                           0x080001db   Thumb Code     0  startup_stm32f429xx.o(.text)
    CAN1_SCE_IRQHandler                      0x080001db   Thumb Code     0  startup_stm32f429xx.o(.text)
    CAN2_SCE_IRQHandler                      0x080001db   Thumb Code     0  startup_stm32f429xx.o(.text)
    DCMI_IRQHandler                          0x080001db   Thumb Code     0  startup_stm32f429xx.o(.text)
    DMA1_Stream0_IRQHandler                  0x080001db   Thumb Code     0  startup_stm32f429xx.o(.text)
    DMA1_Stream1_IRQHandler                  0x080001db   Thumb Code     0  startup_stm32f429xx.o(.text)
    DMA1_Stream2_IRQHandler                  0x080001db   Thumb Code     0  startup_stm32f429xx.o(.text)
    DMA1_Stream3_IRQHandler                  0x080001db   Thumb Code     0  startup_stm32f429xx.o(.text)
    DMA1_Stream4_IRQHandler                  0x080001db   Thumb Code     0  startup_stm32f429xx.o(.text)
    DMA1_Stream7_IRQHandler                  0x080001db   Thumb Code     0  startup_stm32f429xx.o(.text)
    DMA2D_IRQHandler                         0x080001db   Thumb Code     0  startup_stm32f429xx.o(.text)
    DMA2_Stream0_IRQHandler                  0x080001db   Thumb Code     0  startup_stm32f429xx.o(.text)
    DMA2_Stream1_IRQHandler                  0x080001db   Thumb Code     0  startup_stm32f429xx.o(.text)
    DMA2_Stream2_IRQHandler                  0x080001db   Thumb Code     0  startup_stm32f429xx.o(.text)
    DMA2_Stream3_IRQHandler                  0x080001db   Thumb Code     0  startup_stm32f429xx.o(.text)
    DMA2_Stream4_IRQHandler                  0x080001db   Thumb Code     0  startup_stm32f429xx.o(.text)
    DMA2_Stream5_IRQHandler                  0x080001db   Thumb Code     0  startup_stm32f429xx.o(.text)
    DMA2_Stream6_IRQHandler                  0x080001db   Thumb Code     0  startup_stm32f429xx.o(.text)
    DMA2_Stream7_IRQHandler                  0x080001db   Thumb Code     0  startup_stm32f429xx.o(.text)
    ETH_IRQHandler                           0x080001db   Thumb Code     0  startup_stm32f429xx.o(.text)
    ETH_WKUP_IRQHandler                      0x080001db   Thumb Code     0  startup_stm32f429xx.o(.text)
    EXTI0_IRQHandler                         0x080001db   Thumb Code     0  startup_stm32f429xx.o(.text)
    EXTI15_10_IRQHandler                     0x080001db   Thumb Code     0  startup_stm32f429xx.o(.text)
    EXTI1_IRQHandler                         0x080001db   Thumb Code     0  startup_stm32f429xx.o(.text)
    EXTI2_IRQHandler                         0x080001db   Thumb Code     0  startup_stm32f429xx.o(.text)
    EXTI3_IRQHandler                         0x080001db   Thumb Code     0  startup_stm32f429xx.o(.text)
    EXTI4_IRQHandler                         0x080001db   Thumb Code     0  startup_stm32f429xx.o(.text)
    EXTI9_5_IRQHandler                       0x080001db   Thumb Code     0  startup_stm32f429xx.o(.text)
    FLASH_IRQHandler                         0x080001db   Thumb Code     0  startup_stm32f429xx.o(.text)
    FMC_IRQHandler                           0x080001db   Thumb Code     0  startup_stm32f429xx.o(.text)
    FPU_IRQHandler                           0x080001db   Thumb Code     0  startup_stm32f429xx.o(.text)
    HASH_RNG_IRQHandler                      0x080001db   Thumb Code     0  startup_stm32f429xx.o(.text)
    I2C1_ER_IRQHandler                       0x080001db   Thumb Code     0  startup_stm32f429xx.o(.text)
    I2C1_EV_IRQHandler                       0x080001db   Thumb Code     0  startup_stm32f429xx.o(.text)
    I2C2_ER_IRQHandler                       0x080001db   Thumb Code     0  startup_stm32f429xx.o(.text)
    I2C2_EV_IRQHandler                       0x080001db   Thumb Code     0  startup_stm32f429xx.o(.text)
    I2C3_ER_IRQHandler                       0x080001db   Thumb Code     0  startup_stm32f429xx.o(.text)
    I2C3_EV_IRQHandler                       0x080001db   Thumb Code     0  startup_stm32f429xx.o(.text)
    LTDC_ER_IRQHandler                       0x080001db   Thumb Code     0  startup_stm32f429xx.o(.text)
    LTDC_IRQHandler                          0x080001db   Thumb Code     0  startup_stm32f429xx.o(.text)
    OTG_FS_IRQHandler                        0x080001db   Thumb Code     0  startup_stm32f429xx.o(.text)
    OTG_FS_WKUP_IRQHandler                   0x080001db   Thumb Code     0  startup_stm32f429xx.o(.text)
    OTG_HS_EP1_IN_IRQHandler                 0x080001db   Thumb Code     0  startup_stm32f429xx.o(.text)
    OTG_HS_EP1_OUT_IRQHandler                0x080001db   Thumb Code     0  startup_stm32f429xx.o(.text)
    OTG_HS_IRQHandler                        0x080001db   Thumb Code     0  startup_stm32f429xx.o(.text)
    OTG_HS_WKUP_IRQHandler                   0x080001db   Thumb Code     0  startup_stm32f429xx.o(.text)
    PVD_IRQHandler                           0x080001db   Thumb Code     0  startup_stm32f429xx.o(.text)
    RCC_IRQHandler                           0x080001db   Thumb Code     0  startup_stm32f429xx.o(.text)
    RTC_Alarm_IRQHandler                     0x080001db   Thumb Code     0  startup_stm32f429xx.o(.text)
    RTC_WKUP_IRQHandler                      0x080001db   Thumb Code     0  startup_stm32f429xx.o(.text)
    SAI1_IRQHandler                          0x080001db   Thumb Code     0  startup_stm32f429xx.o(.text)
    SDIO_IRQHandler                          0x080001db   Thumb Code     0  startup_stm32f429xx.o(.text)
    SPI1_IRQHandler                          0x080001db   Thumb Code     0  startup_stm32f429xx.o(.text)
    SPI2_IRQHandler                          0x080001db   Thumb Code     0  startup_stm32f429xx.o(.text)
    SPI3_IRQHandler                          0x080001db   Thumb Code     0  startup_stm32f429xx.o(.text)
    SPI4_IRQHandler                          0x080001db   Thumb Code     0  startup_stm32f429xx.o(.text)
    SPI5_IRQHandler                          0x080001db   Thumb Code     0  startup_stm32f429xx.o(.text)
    SPI6_IRQHandler                          0x080001db   Thumb Code     0  startup_stm32f429xx.o(.text)
    TAMP_STAMP_IRQHandler                    0x080001db   Thumb Code     0  startup_stm32f429xx.o(.text)
    TIM1_BRK_TIM9_IRQHandler                 0x080001db   Thumb Code     0  startup_stm32f429xx.o(.text)
    TIM1_CC_IRQHandler                       0x080001db   Thumb Code     0  startup_stm32f429xx.o(.text)
    TIM1_TRG_COM_TIM11_IRQHandler            0x080001db   Thumb Code     0  startup_stm32f429xx.o(.text)
    TIM1_UP_TIM10_IRQHandler                 0x080001db   Thumb Code     0  startup_stm32f429xx.o(.text)
    TIM2_IRQHandler                          0x080001db   Thumb Code     0  startup_stm32f429xx.o(.text)
    TIM3_IRQHandler                          0x080001db   Thumb Code     0  startup_stm32f429xx.o(.text)
    TIM4_IRQHandler                          0x080001db   Thumb Code     0  startup_stm32f429xx.o(.text)
    TIM5_IRQHandler                          0x080001db   Thumb Code     0  startup_stm32f429xx.o(.text)
    TIM6_DAC_IRQHandler                      0x080001db   Thumb Code     0  startup_stm32f429xx.o(.text)
    TIM7_IRQHandler                          0x080001db   Thumb Code     0  startup_stm32f429xx.o(.text)
    TIM8_BRK_TIM12_IRQHandler                0x080001db   Thumb Code     0  startup_stm32f429xx.o(.text)
    TIM8_CC_IRQHandler                       0x080001db   Thumb Code     0  startup_stm32f429xx.o(.text)
    TIM8_TRG_COM_TIM14_IRQHandler            0x080001db   Thumb Code     0  startup_stm32f429xx.o(.text)
    TIM8_UP_TIM13_IRQHandler                 0x080001db   Thumb Code     0  startup_stm32f429xx.o(.text)
    UART4_IRQHandler                         0x080001db   Thumb Code     0  startup_stm32f429xx.o(.text)
    UART5_IRQHandler                         0x080001db   Thumb Code     0  startup_stm32f429xx.o(.text)
    UART7_IRQHandler                         0x080001db   Thumb Code     0  startup_stm32f429xx.o(.text)
    UART8_IRQHandler                         0x080001db   Thumb Code     0  startup_stm32f429xx.o(.text)
    USART1_IRQHandler                        0x080001db   Thumb Code     0  startup_stm32f429xx.o(.text)
    USART2_IRQHandler                        0x080001db   Thumb Code     0  startup_stm32f429xx.o(.text)
    USART3_IRQHandler                        0x080001db   Thumb Code     0  startup_stm32f429xx.o(.text)
    USART6_IRQHandler                        0x080001db   Thumb Code     0  startup_stm32f429xx.o(.text)
    WWDG_IRQHandler                          0x080001db   Thumb Code     0  startup_stm32f429xx.o(.text)
    __scatterload                            0x080001e5   Thumb Code    28  init.o(.text)
    __scatterload_rt2                        0x080001e5   Thumb Code     0  init.o(.text)
    BSP_LED_Init                             0x08000209   Thumb Code    86  stm324x9i_eval.o(i.BSP_LED_Init)
    BSP_PB_Init                              0x0800026d   Thumb Code   154  stm324x9i_eval.o(i.BSP_PB_Init)
    BusFault_Handler                         0x0800031d   Thumb Code     2  stm32f4xx_it.o(i.BusFault_Handler)
    CAN1_RX0_IRQHandler                      0x08000321   Thumb Code     6  stm32f4xx_it.o(i.CAN1_RX0_IRQHandler)
    CAN1_RX1_IRQHandler                      0x0800032d   Thumb Code     6  stm32f4xx_it.o(i.CAN1_RX1_IRQHandler)
    CAN1_TX_IRQHandler                       0x08000339   Thumb Code     6  stm32f4xx_it.o(i.CAN1_TX_IRQHandler)
    CAN2_RX0_IRQHandler                      0x08000345   Thumb Code     6  stm32f4xx_it.o(i.CAN2_RX0_IRQHandler)
    CAN2_RX1_IRQHandler                      0x08000351   Thumb Code     6  stm32f4xx_it.o(i.CAN2_RX1_IRQHandler)
    CAN2_TX_IRQHandler                       0x0800035d   Thumb Code     6  stm32f4xx_it.o(i.CAN2_TX_IRQHandler)
    DMA1_Stream5_IRQHandler                  0x08000579   Thumb Code     2  stm32f4xx_it.o(i.DMA1_Stream5_IRQHandler)
    DMA1_Stream6_IRQHandler                  0x0800057b   Thumb Code     2  stm32f4xx_it.o(i.DMA1_Stream6_IRQHandler)
    DebugMon_Handler                         0x0800057d   Thumb Code     2  stm32f4xx_it.o(i.DebugMon_Handler)
    HAL_CAN_ConfigFilter                     0x08000581   Thumb Code   218  stm32f4xx_hal_can.o(i.HAL_CAN_ConfigFilter)
    HAL_CAN_ErrorCallback                    0x08000665   Thumb Code     2  stm32f4xx_hal_can.o(i.HAL_CAN_ErrorCallback)
    HAL_CAN_IRQHandler                       0x08000669   Thumb Code   370  stm32f4xx_hal_can.o(i.HAL_CAN_IRQHandler)
    HAL_CAN_Init                             0x080007e9   Thumb Code   328  stm32f4xx_hal_can.o(i.HAL_CAN_Init)
    HAL_CAN_MspInit                          0x08000931   Thumb Code   112  stm32f4xx_hal_msp.o(i.HAL_CAN_MspInit)
    HAL_CAN_Receive_IT                       0x080009a9   Thumb Code   134  stm32f4xx_hal_can.o(i.HAL_CAN_Receive_IT)
    HAL_CAN_RxCpltCallback                   0x08000a31   Thumb Code   108  main.o(i.HAL_CAN_RxCpltCallback)
    HAL_CAN_Transmit                         0x08000aa5   Thumb Code   390  stm32f4xx_hal_can.o(i.HAL_CAN_Transmit)
    HAL_CAN_TxCpltCallback                   0x08000c39   Thumb Code     2  stm32f4xx_hal_can.o(i.HAL_CAN_TxCpltCallback)
    HAL_Delay                                0x08000c3b   Thumb Code    22  stm32f4xx_hal.o(i.HAL_Delay)
    HAL_GPIO_Init                            0x08000c51   Thumb Code   408  stm32f4xx_hal_gpio.o(i.HAL_GPIO_Init)
    HAL_GPIO_WritePin                        0x08000e1d   Thumb Code    10  stm32f4xx_hal_gpio.o(i.HAL_GPIO_WritePin)
    HAL_GetTick                              0x08000e29   Thumb Code     6  stm32f4xx_hal.o(i.HAL_GetTick)
    HAL_IncTick                              0x08000e35   Thumb Code    10  stm32f4xx_hal.o(i.HAL_IncTick)
    HAL_Init                                 0x08000e45   Thumb Code    48  stm32f4xx_hal.o(i.HAL_Init)
    HAL_InitTick                             0x08000e79   Thumb Code    34  stm32f4xx_hal.o(i.HAL_InitTick)
    HAL_MspInit                              0x08000ea1   Thumb Code     2  stm32f4xx_hal.o(i.HAL_MspInit)
    HAL_NVIC_EnableIRQ                       0x08000ea3   Thumb Code    26  stm32f4xx_hal_cortex.o(i.HAL_NVIC_EnableIRQ)
    HAL_NVIC_SetPriority                     0x08000ebd   Thumb Code    60  stm32f4xx_hal_cortex.o(i.HAL_NVIC_SetPriority)
    HAL_NVIC_SetPriorityGrouping             0x08000efd   Thumb Code    26  stm32f4xx_hal_cortex.o(i.HAL_NVIC_SetPriorityGrouping)
    HAL_PWREx_EnableOverDrive                0x08000f21   Thumb Code   126  stm32f4xx_hal_pwr_ex.o(i.HAL_PWREx_EnableOverDrive)
    HAL_RCC_ClockConfig                      0x08000fad   Thumb Code   364  stm32f4xx_hal_rcc.o(i.HAL_RCC_ClockConfig)
    HAL_RCC_GetSysClockFreq                  0x08001129   Thumb Code   104  stm32f4xx_hal_rcc.o(i.HAL_RCC_GetSysClockFreq)
    HAL_RCC_OscConfig                        0x0800119d   Thumb Code   722  stm32f4xx_hal_rcc.o(i.HAL_RCC_OscConfig)
    HAL_SYSTICK_Config                       0x08001481   Thumb Code    40  stm32f4xx_hal_cortex.o(i.HAL_SYSTICK_Config)
    HardFault_Handler                        0x080014a9   Thumb Code     2  stm32f4xx_it.o(i.HardFault_Handler)
    MemManage_Handler                        0x080014ab   Thumb Code     2  stm32f4xx_it.o(i.MemManage_Handler)
    NMI_Handler                              0x080014ad   Thumb Code     2  stm32f4xx_it.o(i.NMI_Handler)
    PendSV_Handler                           0x080014af   Thumb Code     2  stm32f4xx_it.o(i.PendSV_Handler)
    SVC_Handler                              0x080014b1   Thumb Code     2  stm32f4xx_it.o(i.SVC_Handler)
    SysTick_Handler                          0x080014b3   Thumb Code     4  stm32f4xx_it.o(i.SysTick_Handler)
    SystemInit                               0x08001531   Thumb Code    66  system_stm32f4xx.o(i.SystemInit)
    UsageFault_Handler                       0x08001585   Thumb Code     2  stm32f4xx_it.o(i.UsageFault_Handler)
    __scatterload_copy                       0x080015a7   Thumb Code    14  handlers.o(i.__scatterload_copy)
    __scatterload_null                       0x080015b5   Thumb Code     2  handlers.o(i.__scatterload_null)
    __scatterload_zeroinit                   0x080015b7   Thumb Code    14  handlers.o(i.__scatterload_zeroinit)
    main                                     0x080015c5   Thumb Code    80  main.o(i.main)
    COM_TX_PIN                               0x0800161c   Data           2  stm324x9i_eval.o(.constdata)
    COM_RX_PIN                               0x0800161e   Data           2  stm324x9i_eval.o(.constdata)
    COM_TX_AF                                0x08001620   Data           2  stm324x9i_eval.o(.constdata)
    COM_RX_AF                                0x08001622   Data           2  stm324x9i_eval.o(.constdata)
    BUTTON_PIN                               0x08001624   Data           6  stm324x9i_eval.o(.constdata)
    BUTTON_IRQn                              0x0800162a   Data           6  stm324x9i_eval.o(.constdata)
    GPIO_PIN                                 0x08001630   Data           8  stm324x9i_eval.o(.constdata)
    APBAHBPrescTable                         0x08001638   Data          16  stm32f4xx_hal_rcc.o(.constdata)
    Region$$Table$$Base                      0x08001648   Number         0  anon$$obj.o(Region$$Table)
    Region$$Table$$Limit                     0x08001668   Number         0  anon$$obj.o(Region$$Table)
    COM_USART                                0x20000004   Data           4  stm324x9i_eval.o(.data)
    COM_TX_PORT                              0x20000008   Data           4  stm324x9i_eval.o(.data)
    COM_RX_PORT                              0x2000000c   Data           4  stm324x9i_eval.o(.data)
    GPIO_PORT                                0x20000010   Data          16  stm324x9i_eval.o(.data)
    BUTTON_PORT                              0x20000020   Data          12  stm324x9i_eval.o(.data)
    ubKeyNumber                              0x2000002c   Data           1  main.o(.data)
    uwTick                                   0x20000030   Data           4  stm32f4xx_hal.o(.data)
    SystemCoreClock                          0x20000034   Data           4  system_stm32f4xx.o(.data)
    AHBPrescTable                            0x20000038   Data          16  system_stm32f4xx.o(.data)
    CanHandle                                0x20000088   Data          64  main.o(.bss)
    __initial_sp                             0x200004c8   Data           0  startup_stm32f429xx.o(STACK)



==============================================================================

Memory Map of the image

  Image Entry point : 0x080001ad

  Load Region LR_IROM1 (Base: 0x08000000, Size: 0x000016b0, Max: 0x00200000, ABSOLUTE)

    Execution Region ER_IROM1 (Base: 0x08000000, Size: 0x00001668, Max: 0x00200000, ABSOLUTE)

    Base Addr    Size         Type   Attr      Idx    E Section Name        Object

    0x08000000   0x000001ac   Data   RO         2555    RESET               startup_stm32f429xx.o
    0x080001ac   0x00000000   Code   RO         2560  * .ARM.Collect$$$$00000000  mc_w.l(entry.o)
    0x080001ac   0x00000004   Code   RO         2563    .ARM.Collect$$$$00000001  mc_w.l(entry2.o)
    0x080001b0   0x00000004   Code   RO         2566    .ARM.Collect$$$$00000004  mc_w.l(entry5.o)
    0x080001b4   0x00000000   Code   RO         2568    .ARM.Collect$$$$00000008  mc_w.l(entry7b.o)
    0x080001b4   0x00000000   Code   RO         2570    .ARM.Collect$$$$0000000A  mc_w.l(entry8b.o)
    0x080001b4   0x00000008   Code   RO         2571    .ARM.Collect$$$$0000000B  mc_w.l(entry9a.o)
    0x080001bc   0x00000000   Code   RO         2573    .ARM.Collect$$$$0000000D  mc_w.l(entry10a.o)
    0x080001bc   0x00000000   Code   RO         2575    .ARM.Collect$$$$0000000F  mc_w.l(entry11a.o)
    0x080001bc   0x00000004   Code   RO         2564    .ARM.Collect$$$$00002712  mc_w.l(entry2.o)
    0x080001c0   0x00000024   Code   RO         2556    .text               startup_stm32f429xx.o
    0x080001e4   0x00000024   Code   RO         2577    .text               mc_w.l(init.o)
    0x08000208   0x00000064   Code   RO          431    i.BSP_LED_Init      stm324x9i_eval.o
    0x0800026c   0x000000b0   Code   RO          436    i.BSP_PB_Init       stm324x9i_eval.o
    0x0800031c   0x00000002   Code   RO          864    i.BusFault_Handler  stm32f4xx_it.o
    0x0800031e   0x00000002   PAD
    0x08000320   0x0000000c   Code   RO          865    i.CAN1_RX0_IRQHandler  stm32f4xx_it.o
    0x0800032c   0x0000000c   Code   RO          866    i.CAN1_RX1_IRQHandler  stm32f4xx_it.o
    0x08000338   0x0000000c   Code   RO          867    i.CAN1_TX_IRQHandler  stm32f4xx_it.o
    0x08000344   0x0000000c   Code   RO          868    i.CAN2_RX0_IRQHandler  stm32f4xx_it.o
    0x08000350   0x0000000c   Code   RO          869    i.CAN2_RX1_IRQHandler  stm32f4xx_it.o
    0x0800035c   0x0000000c   Code   RO          870    i.CAN2_TX_IRQHandler  stm32f4xx_it.o
    0x08000368   0x00000088   Code   RO          988    i.CAN_Config        main.o
    0x080003f0   0x00000128   Code   RO         1156    i.CAN_Receive_IT    stm32f4xx_hal_can.o
    0x08000518   0x00000060   Code   RO         1157    i.CAN_Transmit_IT   stm32f4xx_hal_can.o
    0x08000578   0x00000002   Code   RO          871    i.DMA1_Stream5_IRQHandler  stm32f4xx_it.o
    0x0800057a   0x00000002   Code   RO          872    i.DMA1_Stream6_IRQHandler  stm32f4xx_it.o
    0x0800057c   0x00000002   Code   RO          873    i.DebugMon_Handler  stm32f4xx_it.o
    0x0800057e   0x00000002   PAD
    0x08000580   0x000000e4   Code   RO         1158    i.HAL_CAN_ConfigFilter  stm32f4xx_hal_can.o
    0x08000664   0x00000002   Code   RO         1160    i.HAL_CAN_ErrorCallback  stm32f4xx_hal_can.o
    0x08000666   0x00000002   PAD
    0x08000668   0x00000180   Code   RO         1163    i.HAL_CAN_IRQHandler  stm32f4xx_hal_can.o
    0x080007e8   0x00000148   Code   RO         1164    i.HAL_CAN_Init      stm32f4xx_hal_can.o
    0x08000930   0x00000078   Code   RO          832    i.HAL_CAN_MspInit   stm32f4xx_hal_msp.o
    0x080009a8   0x00000086   Code   RO         1168    i.HAL_CAN_Receive_IT  stm32f4xx_hal_can.o
    0x08000a2e   0x00000002   PAD
    0x08000a30   0x00000074   Code   RO          989    i.HAL_CAN_RxCpltCallback  main.o
    0x08000aa4   0x00000194   Code   RO         1171    i.HAL_CAN_Transmit  stm32f4xx_hal_can.o
    0x08000c38   0x00000002   Code   RO         1173    i.HAL_CAN_TxCpltCallback  stm32f4xx_hal_can.o
    0x08000c3a   0x00000016   Code   RO         1634    i.HAL_Delay         stm32f4xx_hal.o
    0x08000c50   0x000001cc   Code   RO         1789    i.HAL_GPIO_Init     stm32f4xx_hal_gpio.o
    0x08000e1c   0x0000000a   Code   RO         1793    i.HAL_GPIO_WritePin  stm32f4xx_hal_gpio.o
    0x08000e26   0x00000002   PAD
    0x08000e28   0x0000000c   Code   RO         1642    i.HAL_GetTick       stm32f4xx_hal.o
    0x08000e34   0x00000010   Code   RO         1643    i.HAL_IncTick       stm32f4xx_hal.o
    0x08000e44   0x00000034   Code   RO         1644    i.HAL_Init          stm32f4xx_hal.o
    0x08000e78   0x00000028   Code   RO         1645    i.HAL_InitTick      stm32f4xx_hal.o
    0x08000ea0   0x00000002   Code   RO         1647    i.HAL_MspInit       stm32f4xx_hal.o
    0x08000ea2   0x0000001a   Code   RO         1402    i.HAL_NVIC_EnableIRQ  stm32f4xx_hal_cortex.o
    0x08000ebc   0x00000040   Code   RO         1408    i.HAL_NVIC_SetPriority  stm32f4xx_hal_cortex.o
    0x08000efc   0x00000024   Code   RO         1409    i.HAL_NVIC_SetPriorityGrouping  stm32f4xx_hal_cortex.o
    0x08000f20   0x0000008c   Code   RO         1333    i.HAL_PWREx_EnableOverDrive  stm32f4xx_hal_pwr_ex.o
    0x08000fac   0x0000017c   Code   RO         1523    i.HAL_RCC_ClockConfig  stm32f4xx_hal_rcc.o
    0x08001128   0x00000074   Code   RO         1532    i.HAL_RCC_GetSysClockFreq  stm32f4xx_hal_rcc.o
    0x0800119c   0x000002e4   Code   RO         1535    i.HAL_RCC_OscConfig  stm32f4xx_hal_rcc.o
    0x08001480   0x00000028   Code   RO         1413    i.HAL_SYSTICK_Config  stm32f4xx_hal_cortex.o
    0x080014a8   0x00000002   Code   RO          874    i.HardFault_Handler  stm32f4xx_it.o
    0x080014aa   0x00000002   Code   RO          875    i.MemManage_Handler  stm32f4xx_it.o
    0x080014ac   0x00000002   Code   RO          876    i.NMI_Handler       stm32f4xx_it.o
    0x080014ae   0x00000002   Code   RO          877    i.PendSV_Handler    stm32f4xx_it.o
    0x080014b0   0x00000002   Code   RO          878    i.SVC_Handler       stm32f4xx_it.o
    0x080014b2   0x00000004   Code   RO          879    i.SysTick_Handler   stm32f4xx_it.o
    0x080014b6   0x00000002   PAD
    0x080014b8   0x00000078   Code   RO          990    i.SystemClock_Config  main.o
    0x08001530   0x00000054   Code   RO         2521    i.SystemInit        system_stm32f4xx.o
    0x08001584   0x00000002   Code   RO          880    i.UsageFault_Handler  stm32f4xx_it.o
    0x08001586   0x00000020   Code   RO         1415    i.__NVIC_SetPriority  stm32f4xx_hal_cortex.o
    0x080015a6   0x0000000e   Code   RO         2581    i.__scatterload_copy  mc_w.l(handlers.o)
    0x080015b4   0x00000002   Code   RO         2582    i.__scatterload_null  mc_w.l(handlers.o)
    0x080015b6   0x0000000e   Code   RO         2583    i.__scatterload_zeroinit  mc_w.l(handlers.o)
    0x080015c4   0x00000058   Code   RO          991    i.main              main.o
    0x0800161c   0x0000001c   Data   RO          462    .constdata          stm324x9i_eval.o
    0x08001638   0x00000010   Data   RO         1536    .constdata          stm32f4xx_hal_rcc.o
    0x08001648   0x00000020   Data   RO         2579    Region$$Table       anon$$obj.o


    Execution Region RW_IRAM1 (Base: 0x20000000, Size: 0x000004c8, Max: 0x00030000, ABSOLUTE)

    Base Addr    Size         Type   Attr      Idx    E Section Name        Object

    0x20000000   0x0000002c   Data   RW          463    .data               stm324x9i_eval.o
    0x2000002c   0x00000001   Data   RW          993    .data               main.o
    0x2000002d   0x00000003   PAD
    0x20000030   0x00000004   Data   RW         1650    .data               stm32f4xx_hal.o
    0x20000034   0x00000014   Data   RW         2522    .data               system_stm32f4xx.o
    0x20000048   0x00000080   Zero   RW          992    .bss                main.o
    0x200000c8   0x00000400   Zero   RW         2553    STACK               startup_stm32f429xx.o


==============================================================================

Image component sizes


      Code (inc. data)   RO Data    RW Data    ZI Data      Debug   Object Name

       460         32          0          1        128       3604   main.o
        36          8        428          0       1024        868   startup_stm32f429xx.o
       276         36         28         44          0     339089   stm324x9i_eval.o
       144         22          0          4          0       5437   stm32f4xx_hal.o
      1874         38          0          0          0       8736   stm32f4xx_hal_can.o
       198         14          0          0          0      34143   stm32f4xx_hal_cortex.o
       470         52          0          0          0       2832   stm32f4xx_hal_gpio.o
       120          8          0          0          0       1086   stm32f4xx_hal_msp.o
       140         14          0          0          0       1488   stm32f4xx_hal_pwr_ex.o
      1236         46         16          0          0       4693   stm32f4xx_hal_rcc.o
        96         36          0          0          0       8876   stm32f4xx_it.o
         0          0          0          0          0       4532   stmpe1600.o
        84         18          0         20          0       1313   system_stm32f4xx.o

    ----------------------------------------------------------------------
      5146        324        504         72       1152     416697   Object Totals
         0          0         32          0          0          0   (incl. Generated)
        12          0          0          3          0          0   (incl. Padding)

    ----------------------------------------------------------------------

      Code (inc. data)   RO Data    RW Data    ZI Data      Debug   Library Member Name

         0          0          0          0          0          0   entry.o
         0          0          0          0          0          0   entry10a.o
         0          0          0          0          0          0   entry11a.o
         8          4          0          0          0          0   entry2.o
         4          0          0          0          0          0   entry5.o
         0          0          0          0          0          0   entry7b.o
         0          0          0          0          0          0   entry8b.o
         8          4          0          0          0          0   entry9a.o
        30          0          0          0          0          0   handlers.o
        36          8          0          0          0         68   init.o

    ----------------------------------------------------------------------
        86         16          0          0          0         68   Library Totals
         0          0          0          0          0          0   (incl. Padding)

    ----------------------------------------------------------------------

      Code (inc. data)   RO Data    RW Data    ZI Data      Debug   Library Name

        86         16          0          0          0         68   mc_w.l

    ----------------------------------------------------------------------
        86         16          0          0          0         68   Library Totals

    ----------------------------------------------------------------------

==============================================================================


      Code (inc. data)   RO Data    RW Data    ZI Data      Debug   

      5232        340        504         72       1152     412369   Grand Totals
      5232        340        504         72       1152     412369   ELF Image Totals
      5232        340        504         72          0          0   ROM Totals

==============================================================================

    Total RO  Size (Code + RO Data)                 5736 (   5.60kB)
    Total RW  Size (RW Data + ZI Data)              1224 (   1.20kB)
    Total ROM Size (Code + RO Data + RW Data)       5808 (   5.67kB)

==============================================================================

